Archive member included because of file (symbol)

/Users/jonathan/Library/Application Support/Pebble SDK/SDKs/current/sdk-core/pebble/chalk/lib/libpebble.a(tmpN4as8bpebble.o)
                              src/simply/simply_accel.c.40.o (accel_data_service_unsubscribe)
/Users/jonathan/pebble-dev/pebble-sdk-4.5-mac/arm-cs-tools/bin/../lib/gcc/arm-none-eabi/4.7.2/thumb2/libgcc.a(_aeabi_ldivmod.o)
                              src/simply/simply_menu.c.40.o (__aeabi_ldivmod)
/Users/jonathan/pebble-dev/pebble-sdk-4.5-mac/arm-cs-tools/bin/../lib/gcc/arm-none-eabi/4.7.2/thumb2/libgcc.a(bpabi.o)
                              /Users/jonathan/pebble-dev/pebble-sdk-4.5-mac/arm-cs-tools/bin/../lib/gcc/arm-none-eabi/4.7.2/thumb2/libgcc.a(_aeabi_ldivmod.o) (__gnu_ldivmod_helper)
/Users/jonathan/pebble-dev/pebble-sdk-4.5-mac/arm-cs-tools/bin/../lib/gcc/arm-none-eabi/4.7.2/thumb2/libgcc.a(_dvmd_tls.o)
                              /Users/jonathan/pebble-dev/pebble-sdk-4.5-mac/arm-cs-tools/bin/../lib/gcc/arm-none-eabi/4.7.2/thumb2/libgcc.a(_aeabi_ldivmod.o) (__aeabi_ldiv0)
/Users/jonathan/pebble-dev/pebble-sdk-4.5-mac/arm-cs-tools/bin/../lib/gcc/arm-none-eabi/4.7.2/thumb2/libgcc.a(_divdi3.o)
                              /Users/jonathan/pebble-dev/pebble-sdk-4.5-mac/arm-cs-tools/bin/../lib/gcc/arm-none-eabi/4.7.2/thumb2/libgcc.a(bpabi.o) (__divdi3)
/Users/jonathan/pebble-dev/pebble-sdk-4.5-mac/arm-cs-tools/bin/../lib/gcc/arm-none-eabi/4.7.2/thumb2/libgcc.a(_udivdi3.o)
                              /Users/jonathan/pebble-dev/pebble-sdk-4.5-mac/arm-cs-tools/bin/../lib/gcc/arm-none-eabi/4.7.2/thumb2/libgcc.a(bpabi.o) (__udivdi3)
/Users/jonathan/pebble-dev/pebble-sdk-4.5-mac/arm-cs-tools/bin/../lib/gcc/arm-none-eabi/4.7.2/thumb2/libgcc.a(_udivsi3.o)
                              /Users/jonathan/pebble-dev/pebble-sdk-4.5-mac/arm-cs-tools/bin/../lib/gcc/arm-none-eabi/4.7.2/thumb2/libgcc.a(_divdi3.o) (__aeabi_uidiv)

Discarded input sections

 .text          0x0000000000000000        0x0 /Users/jonathan/pebble-dev/pebble-sdk-4.5-mac/arm-cs-tools/bin/../lib/gcc/arm-none-eabi/4.7.2/thumb2/crti.o
 .bss           0x0000000000000000        0x0 /Users/jonathan/pebble-dev/pebble-sdk-4.5-mac/arm-cs-tools/bin/../lib/gcc/arm-none-eabi/4.7.2/thumb2/crti.o
 .init          0x0000000000000000        0x4 /Users/jonathan/pebble-dev/pebble-sdk-4.5-mac/arm-cs-tools/bin/../lib/gcc/arm-none-eabi/4.7.2/thumb2/crti.o
 .fini          0x0000000000000000        0x4 /Users/jonathan/pebble-dev/pebble-sdk-4.5-mac/arm-cs-tools/bin/../lib/gcc/arm-none-eabi/4.7.2/thumb2/crti.o
 .text          0x0000000000000000       0xc8 /Users/jonathan/pebble-dev/pebble-sdk-4.5-mac/arm-cs-tools/bin/../lib/gcc/arm-none-eabi/4.7.2/thumb2/crtbegin.o
 .bss           0x0000000000000000       0x1c /Users/jonathan/pebble-dev/pebble-sdk-4.5-mac/arm-cs-tools/bin/../lib/gcc/arm-none-eabi/4.7.2/thumb2/crtbegin.o
 .init_array    0x0000000000000000        0x4 /Users/jonathan/pebble-dev/pebble-sdk-4.5-mac/arm-cs-tools/bin/../lib/gcc/arm-none-eabi/4.7.2/thumb2/crtbegin.o
 .fini_array    0x0000000000000000        0x4 /Users/jonathan/pebble-dev/pebble-sdk-4.5-mac/arm-cs-tools/bin/../lib/gcc/arm-none-eabi/4.7.2/thumb2/crtbegin.o
 .eh_frame      0x0000000000000000        0x0 /Users/jonathan/pebble-dev/pebble-sdk-4.5-mac/arm-cs-tools/bin/../lib/gcc/arm-none-eabi/4.7.2/thumb2/crtbegin.o
 .jcr           0x0000000000000000        0x0 /Users/jonathan/pebble-dev/pebble-sdk-4.5-mac/arm-cs-tools/bin/../lib/gcc/arm-none-eabi/4.7.2/thumb2/crtbegin.o
 .tm_clone_table
                0x0000000000000000        0x0 /Users/jonathan/pebble-dev/pebble-sdk-4.5-mac/arm-cs-tools/bin/../lib/gcc/arm-none-eabi/4.7.2/thumb2/crtbegin.o
 .text          0x0000000000000000        0x0 src/main.c.40.o
 .bss           0x0000000000000000        0x0 src/main.c.40.o
 .text          0x0000000000000000        0x0 src/simply/simply.c.40.o
 .bss           0x0000000000000000        0x0 src/simply/simply.c.40.o
 .text          0x0000000000000000        0x0 src/simply/simply_accel.c.40.o
 .bss           0x0000000000000000        0x0 src/simply/simply_accel.c.40.o
 .text          0x0000000000000000        0x0 src/simply/simply_menu.c.40.o
 .bss           0x0000000000000000        0x0 src/simply/simply_menu.c.40.o
 .text          0x0000000000000000        0x0 src/simply/simply_msg.c.40.o
 .bss           0x0000000000000000        0x0 src/simply/simply_msg.c.40.o
 .text          0x0000000000000000        0x0 src/simply/simply_res.c.40.o
 .bss           0x0000000000000000        0x0 src/simply/simply_res.c.40.o
 .text.id_filter
                0x0000000000000000        0xa src/simply/simply_res.c.40.o
 .text.simply_res_remove_image
                0x0000000000000000       0x18 src/simply/simply_res.c.40.o
 .text          0x0000000000000000        0x0 src/simply/simply_splash.c.40.o
 .bss           0x0000000000000000        0x0 src/simply/simply_splash.c.40.o
 .text          0x0000000000000000        0x0 src/simply/simply_stage.c.40.o
[...]
Memory Configuration

Name             Origin             Length             Attributes
APP              0x0000000000000000 0x0000000000006000 xrw
*default*        0x0000000000000000 0xffffffffffffffff

Linker script and memory map

LOAD /Users/jonathan/pebble-dev/pebble-sdk-4.5-mac/arm-cs-tools/bin/../lib/gcc/arm-none-eabi/4.7.2/thumb2/crti.o
LOAD /Users/jonathan/pebble-dev/pebble-sdk-4.5-mac/arm-cs-tools/bin/../lib/gcc/arm-none-eabi/4.7.2/thumb2/crtbegin.o
LOAD src/main.c.42.o
LOAD src/simply/simply.c.42.o
LOAD src/simply/simply_accel.c.42.o
LOAD src/simply/simply_menu.c.42.o
LOAD src/simply/simply_msg.c.42.o
LOAD src/simply/simply_res.c.42.o
LOAD src/simply/simply_splash.c.42.o
LOAD src/simply/simply_stage.c.42.o
LOAD src/simply/simply_ui.c.42.o
LOAD src/simply/simply_voice.c.42.o
LOAD src/simply/simply_wakeup.c.42.o
LOAD src/simply/simply_window.c.42.o
LOAD src/simply/simply_window_stack.c.42.o
LOAD aplite/appinfo.auto.c.42.o
LOAD aplite/src/resource_ids.auto.c.42.o
LOAD /Users/jonathan/Library/Application Support/Pebble SDK/SDKs/current/sdk-core/pebble/aplite/lib/libpebble.a
START GROUP
LOAD /Users/jonathan/pebble-dev/pebble-sdk-4.5-mac/arm-cs-tools/bin/../lib/gcc/arm-none-eabi/4.7.2/thumb2/libgcc.a
LOAD /Users/jonathan/pebble-dev/pebble-sdk-4.5-mac/arm-cs-tools/bin/../lib/gcc/arm-none-eabi/4.7.2/../../../../arm-none-eabi/lib/thumb2/libc.a
END GROUP
LOAD /Users/jonathan/pebble-dev/pebble-sdk-4.5-mac/arm-cs-tools/bin/../lib/gcc/arm-none-eabi/4.7.2/thumb2/crtend.o
LOAD /Users/jonathan/pebble-dev/pebble-sdk-4.5-mac/arm-cs-tools/bin/../lib/gcc/arm-none-eabi/4.7.2/thumb2/crtn.o

.header         0x0000000000000000       0x82
 *(.pbl_header)
 .pbl_header    0x0000000000000000       0x82 aplite/appinfo.auto.c.42.o
                0x0000000000000000                __pbl_app_info

.note.gnu.build-id
                0x0000000000000082       0x26
                0x0000000000000082                PROVIDE (BUILD_ID, .)
 *(.note.gnu.build-id)
 *fill*         0x0000000000000082        0x2 
 .note.gnu.build-id
                0x0000000000000084       0x24 linker stubs

.text           0x00000000000000a8     0x4203
 *(.text)
 .text          0x00000000000000a8       0x14 /Users/jonathan/Library/Application Support/Pebble SDK/SDKs/current/sdk-core/pebble/aplite/lib/libpebble.a(tmp7jpKUopebble.o)
 .text          0x00000000000000bc       0x38 /Users/jonathan/pebble-dev/pebble-sdk-4.5-mac/arm-cs-tools/bin/../lib/gcc/arm-none-eabi/4.7.2/thumb2/libgcc.a(_aeabi_ldivmod.o)
                0x00000000000000bc                __aeabi_ldivmod
 .text          0x00000000000000f4       0x60 /Users/jonathan/pebble-dev/pebble-sdk-4.5-mac/arm-cs-tools/bin/../lib/gcc/arm-none-eabi/4.7.2/thumb2/libgcc.a(bpabi.o)
                0x00000000000000f4                __gnu_ldivmod_helper
                0x0000000000000124                __gnu_uldivmod_helper
 .text          0x0000000000000154        0x4 /Users/jonathan/pebble-dev/pebble-sdk-4.5-mac/arm-cs-tools/bin/../lib/gcc/arm-none-eabi/4.7.2/thumb2/libgcc.a(_dvmd_tls.o)
                0x0000000000000154                __aeabi_ldiv0
                0x0000000000000154                __aeabi_idiv0
 .text          0x0000000000000158      0x36c /Users/jonathan/pebble-dev/pebble-sdk-4.5-mac/arm-cs-tools/bin/../lib/gcc/arm-none-eabi/4.7.2/thumb2/libgcc.a(_divdi3.o)
                0x0000000000000158                __divdi3
 .text          0x00000000000004c4      0x314 /Users/jonathan/pebble-dev/pebble-sdk-4.5-mac/arm-cs-tools/bin/../lib/gcc/arm-none-eabi/4.7.2/thumb2/libgcc.a(_udivdi3.o)
                0x00000000000004c4                __udivdi3
 .text          0x00000000000007d8      0x278 /Users/jonathan/pebble-dev/pebble-sdk-4.5-mac/arm-cs-tools/bin/../lib/gcc/arm-none-eabi/4.7.2/thumb2/libgcc.a(_udivsi3.o)
                0x00000000000007d8                __udivsi3
                0x00000000000007d8                __aeabi_uidiv
                0x0000000000000a34                __aeabi_uidivmod
 *(.text.*)
 .text.startup.main
                0x0000000000000a50       0x16 src/main.c.42.o
                0x0000000000000a50                main
 .text.simply_init
                0x0000000000000a66       0x60 src/simply/simply.c.42.o
                0x0000000000000a66                simply_init
 .text.simply_deinit
                0x0000000000000ac6       0x38 src/simply/simply.c.42.o
                0x0000000000000ac6                simply_deinit
 .text.handle_accel_tap
                0x0000000000000afe       0x1e src/simply/simply_accel.c.42.o
 .text.send_accel_data.isra.1
                0x0000000000000b1c       0x4a src/simply/simply_accel.c.42.o
 .text.handle_accel_data
                0x0000000000000b66        0x6 src/simply/simply_accel.c.42.o
 .text.accel_peek_timer_callback
                0x0000000000000b6c       0x40 src/simply/simply_accel.c.42.o
 .text.simply_accel_handle_packet
                0x0000000000000bac       0x6c src/simply/simply_accel.c.42.o
                0x0000000000000bac                simply_accel_handle_packet
 .text.simply_accel_create
                0x0000000000000c18       0x38 src/simply/simply_accel.c.42.o
                0x0000000000000c18                simply_accel_create
 .text.simply_accel_destroy
                0x0000000000000c50       0x20 src/simply/simply_accel.c.42.o
                0x0000000000000c50                simply_accel_destroy
 .text.list1_remove
                0x0000000000000c70       0x32 src/simply/simply_menu.c.42.o
 .text.prv_section_filter
                0x0000000000000ca2        0xc src/simply/simply_menu.c.42.o
 .text.prv_item_filter
                0x0000000000000cae       0x1a src/simply/simply_menu.c.42.o
 .text.prv_request_item_filter
                0x0000000000000cc8        0xc src/simply/simply_menu.c.42.o
 .text.prv_menu_get_num_sections_callback
                0x0000000000000cd4        0x4 src/simply/simply_menu.c.42.o
 .text.prv_free_title
                0x0000000000000cd8       0x20 src/simply/simply_menu.c.42.o
 .text.prv_destroy_section
                0x0000000000000cf8       0x20 src/simply/simply_menu.c.42.o
 .text.prv_destroy_item
                0x0000000000000d18       0x28 src/simply/simply_menu.c.42.o
 .text.prv_menu_window_unload
                0x0000000000000d40       0x1c src/simply/simply_menu.c.42.o
 .text.prv_reload_data
                0x0000000000000d5c        0xa src/simply/simply_menu.c.42.o
 .text.simply_menu_clear
                0x0000000000000d66       0x28 src/simply/simply_menu.c.42.o
 .text.prv_menu_window_disappear
                0x0000000000000d8e       0x22 src/simply/simply_menu.c.42.o
 .text.prv_menu_window_appear
                0x0000000000000db0        0xe src/simply/simply_menu.c.42.o
 .text.prv_single_click_handler
                0x0000000000000dbe       0x1a src/simply/simply_menu.c.42.o
 .text.gpoint_polar
                0x0000000000000dd8       0x34 src/simply/simply_menu.c.42.o
 .text.prv_mark_dirty
                0x0000000000000e0c       0x14 src/simply/simply_menu.c.42.o
 .text.strdup2  0x0000000000000e20       0x44 src/simply/simply_menu.c.42.o
 .text.prv_menu_window_load
                0x0000000000000e64       0xf0 src/simply/simply_menu.c.42.o
 .text.list1_find_prev.constprop.8
                0x0000000000000f54       0x1c src/simply/simply_menu.c.42.o
 .text.refresh_spinner_timer
                0x0000000000000f70       0x2c src/simply/simply_menu.c.42.o
 .text.spinner_timer_callback
                0x0000000000000f9c       0x16 src/simply/simply_menu.c.42.o
 *fill*         0x0000000000000fb2        0x2 
 .text.prv_click_config_provider
                0x0000000000000fb4       0x24 src/simply/simply_menu.c.42.o
 .text.prv_add_item
                0x0000000000000fd8       0x58 src/simply/simply_menu.c.42.o
 .text.prv_get_menu_section
                0x0000000000001030       0x10 src/simply/simply_menu.c.42.o
 .text.prv_menu_get_num_rows_callback
                0x0000000000001040       0x12 src/simply/simply_menu.c.42.o
 *fill*         0x0000000000001052        0x2 
 .text.prv_menu_get_header_height_callback
                0x0000000000001054       0x24 src/simply/simply_menu.c.42.o
 .text.prv_menu_select_long_click_callback
                0x0000000000001078       0x22 src/simply/simply_menu.c.42.o
 .text.prv_menu_select_click_callback
                0x000000000000109a       0x22 src/simply/simply_menu.c.42.o
 .text.prv_add_section
                0x00000000000010bc       0x50 src/simply/simply_menu.c.42.o
 .text.prv_request_menu_section.part.2
                0x000000000000110c       0x3e src/simply/simply_menu.c.42.o
 *fill*         0x000000000000114a        0x2 
 .text.prv_menu_draw_row_callback
                0x000000000000114c      0x274 src/simply/simply_menu.c.42.o
 .text.prv_menu_draw_header_callback
                0x00000000000013c0       0xc4 src/simply/simply_menu.c.42.o
 .text.simply_menu_handle_packet
                0x0000000000001484      0x1ec src/simply/simply_menu.c.42.o
                0x0000000000001484                simply_menu_handle_packet
 .text.simply_menu_create
                0x0000000000001670       0x3c src/simply/simply_menu.c.42.o
                0x0000000000001670                simply_menu_create
 .text.simply_menu_destroy
                0x00000000000016ac       0x16 src/simply/simply_menu.c.42.o
                0x00000000000016ac                simply_menu_destroy
 .text.list1_remove
                0x00000000000016c2       0x32 src/simply/simply_msg.c.42.o
 .text.dropped_callback
                0x00000000000016f4        0x2 src/simply/simply_msg.c.42.o
 .text.sent_callback
                0x00000000000016f6        0x2 src/simply/simply_msg.c.42.o
 .text.send_msg
                0x00000000000016f8       0x30 src/simply/simply_msg.c.42.o
 .text.handle_packet
                0x0000000000001728      0x18e src/simply/simply_msg.c.42.o
 *fill*         0x00000000000018b6        0x2 
 .text.received_callback
                0x00000000000018b8       0x38 src/simply/simply_msg.c.42.o
 .text.send_msg_retry
                0x00000000000018f0       0xb8 src/simply/simply_msg.c.42.o
 .text.simply_msg_has_communicated
                0x00000000000019a8        0xc src/simply/simply_msg.c.42.o
                0x00000000000019a8                simply_msg_has_communicated
 .text.simply_msg_show_disconnected
                0x00000000000019b4       0x58 src/simply/simply_msg.c.42.o
                0x00000000000019b4                simply_msg_show_disconnected
 .text.failed_callback
                0x0000000000001a0c       0x18 src/simply/simply_msg.c.42.o
 .text.simply_msg_create
                0x0000000000001a24       0x6c src/simply/simply_msg.c.42.o
                0x0000000000001a24                simply_msg_create
 .text.simply_msg_destroy
                0x0000000000001a90       0x1c src/simply/simply_msg.c.42.o
                0x0000000000001a90                simply_msg_destroy
 .text.simply_msg_send
                0x0000000000001aac        0x4 src/simply/simply_msg.c.42.o
                0x0000000000001aac                simply_msg_send
 .text.simply_msg_send_packet
                0x0000000000001ab0       0x84 src/simply/simply_msg.c.42.o
                0x0000000000001ab0                simply_msg_send_packet
 .text.list1_remove
                0x0000000000001b34       0x32 src/simply/simply_res.c.42.o
 .text.destroy_image
                0x0000000000001b66       0x22 src/simply/simply_res.c.42.o
 .text.malloc0  0x0000000000001b88       0x18 src/simply/simply_res.c.42.o
 .text.window_stack_schedule_top_window_render
                0x0000000000001ba0       0x12 src/simply/simply_res.c.42.o
 .text.setup_image
                0x0000000000001bb2       0x64 src/simply/simply_res.c.42.o
 .text.create_bitmap_with_png_data
                0x0000000000001c16        0xc src/simply/simply_res.c.42.o
 .text.create_bitmap_with_id
                0x0000000000001c22       0x12 src/simply/simply_res.c.42.o
 .text.simply_res_evict_image
                0x0000000000001c34       0x1a src/simply/simply_res.c.42.o
                0x0000000000001c34                simply_res_evict_image
 .text.create_image
                0x0000000000001c4e       0x48 src/simply/simply_res.c.42.o
 *fill*         0x0000000000001c96        0x2 
 .text.simply_res_add_bundled_image
                0x0000000000001c98       0x28 src/simply/simply_res.c.42.o
                0x0000000000001c98                simply_res_add_bundled_image
 .text.simply_res_add_image
                0x0000000000001cc0       0x64 src/simply/simply_res.c.42.o
                0x0000000000001cc0                simply_res_add_image
 .text.simply_res_auto_image
                0x0000000000001d24       0x42 src/simply/simply_res.c.42.o
                0x0000000000001d24                simply_res_auto_image
 .text.simply_res_add_custom_font
                0x0000000000001d66       0x40 src/simply/simply_res.c.42.o
                0x0000000000001d66                simply_res_add_custom_font
 .text.simply_res_auto_font
                0x0000000000001da6       0x2a src/simply/simply_res.c.42.o
                0x0000000000001da6                simply_res_auto_font
 .text.simply_res_clear
                0x0000000000001dd0       0x34 src/simply/simply_res.c.42.o
                0x0000000000001dd0                simply_res_clear
 .text.simply_res_create
                0x0000000000001e04       0x2a src/simply/simply_res.c.42.o
                0x0000000000001e04                simply_res_create
 .text.simply_res_destroy
                0x0000000000001e2e       0x12 src/simply/simply_res.c.42.o
                0x0000000000001e2e                simply_res_destroy
 .text.window_load
                0x0000000000001e40       0x12 src/simply/simply_splash.c.42.o
 .text.layer_update_callback
                0x0000000000001e52       0x24 src/simply/simply_splash.c.42.o
                0x0000000000001e52                layer_update_callback
 *fill*         0x0000000000001e76        0x2 
 .text.simply_splash_create
                0x0000000000001e78       0x78 src/simply/simply_splash.c.42.o
                0x0000000000001e78                simply_splash_create
 .text.simply_splash_destroy
                0x0000000000001ef0       0x20 src/simply/simply_splash.c.42.o
                0x0000000000001ef0                simply_splash_destroy
 .text.window_disappear
                0x0000000000001f10       0x1a src/simply/simply_splash.c.42.o
 .text.list1_remove
                0x0000000000001f2a       0x32 src/simply/simply_stage.c.42.o
 .text.element_frame_getter
                0x0000000000001f5c       0x10 src/simply/simply_stage.c.42.o
 .text.window_unload
                0x0000000000001f6c       0x1e src/simply/simply_stage.c.42.o
 .text.destroy_animation
                0x0000000000001f8a       0x24 src/simply/simply_stage.c.42.o
 *fill*         0x0000000000001fae        0x2 
 .text.simply_stage_update_ticker
                0x0000000000001fb0       0x2c src/simply/simply_stage.c.42.o
 .text.simply_stage_clear
                0x0000000000001fdc       0x52 src/simply/simply_stage.c.42.o
 .text.window_disappear
                0x000000000000202e       0x22 src/simply/simply_stage.c.42.o
 .text.handle_tick
                0x0000000000002050       0x12 src/simply/simply_stage.c.42.o
 .text.simply_stage_update
                0x0000000000002062        0xa src/simply/simply_stage.c.42.o
 .text.window_appear
                0x000000000000206c       0x16 src/simply/simply_stage.c.42.o
 *fill*         0x0000000000002082        0x2 
 .text.window_load
                0x0000000000002084       0x68 src/simply/simply_stage.c.42.o
 .text.simply_stage_remove_element
                0x00000000000020ec       0x24 src/simply/simply_stage.c.42.o
 .text.simply_stage_set_element_frame.isra.12
                0x0000000000002110       0x38 src/simply/simply_stage.c.42.o
 .text.element_frame_setter
                0x0000000000002148       0x1e src/simply/simply_stage.c.42.o
 .text.prv_draw_line_polar.constprop.15
                0x0000000000002166       0x46 src/simply/simply_stage.c.42.o
 .text.rect_element_draw.isra.6
                0x00000000000021ac       0x3c src/simply/simply_stage.c.42.o
 .text.layer_update_callback
                0x00000000000021e8      0x390 src/simply/simply_stage.c.42.o
 .text.simply_stage_auto_element
                0x0000000000002578       0x84 src/simply/simply_stage.c.42.o
 .text.animation_stopped
                0x00000000000025fc       0x34 src/simply/simply_stage.c.42.o
 .text.simply_stage_handle_packet
                0x0000000000002630      0x2e8 src/simply/simply_stage.c.42.o
                0x0000000000002630                simply_stage_handle_packet
 .text.simply_stage_create
                0x0000000000002918       0x38 src/simply/simply_stage.c.42.o
                0x0000000000002918                simply_stage_create
 .text.simply_stage_destroy
                0x0000000000002950       0x16 src/simply/simply_stage.c.42.o
                0x0000000000002950                simply_stage_destroy
 .text.is_string
                0x0000000000002966       0x10 src/simply/simply_ui.c.42.o
 .text.window_unload
                0x0000000000002976       0x1e src/simply/simply_ui.c.42.o
 .text.window_disappear
                0x0000000000002994       0x1c src/simply/simply_ui.c.42.o
 .text.window_appear
                0x00000000000029b0        0xe src/simply/simply_ui.c.42.o
 .text.graphics_draw_bitmap_centered
                0x00000000000029be       0x62 src/simply/simply_ui.c.42.o
 .text.mark_dirty
                0x0000000000002a20        0xa src/simply/simply_ui.c.42.o
 .text.show_welcome_text
                0x0000000000002a2a       0x18 src/simply/simply_ui.c.42.o
 *fill*         0x0000000000002a42        0x2 
 .text.layer_update_callback
                0x0000000000002a44      0x504 src/simply/simply_ui.c.42.o
 .text.simply_ui_set_style
                0x0000000000002f48       0x3c src/simply/simply_ui.c.42.o
                0x0000000000002f48                simply_ui_set_style
 .text.window_load
                0x0000000000002f84       0x6c src/simply/simply_ui.c.42.o
 .text.simply_ui_set_text
                0x0000000000002ff0       0x74 src/simply/simply_ui.c.42.o
                0x0000000000002ff0                simply_ui_set_text
 .text.simply_ui_set_text_color
                0x0000000000003064        0xc src/simply/simply_ui.c.42.o
                0x0000000000003064                simply_ui_set_text_color
 .text.simply_ui_clear
                0x0000000000003070       0x56 src/simply/simply_ui.c.42.o
                0x0000000000003070                simply_ui_clear
 .text.simply_ui_handle_packet
                0x00000000000030c6       0x70 src/simply/simply_ui.c.42.o
                0x00000000000030c6                simply_ui_handle_packet
 *fill*         0x0000000000003136        0x2 
 .text.simply_ui_create
                0x0000000000003138       0x48 src/simply/simply_ui.c.42.o
                0x0000000000003138                simply_ui_create
 .text.simply_ui_destroy
                0x0000000000003180       0x2a src/simply/simply_ui.c.42.o
                0x0000000000003180                simply_ui_destroy
 .text.wakeup_handler
                0x00000000000031aa       0x1c src/simply/simply_wakeup.c.42.o
 .text.wakeup_set_timer_callback
                0x00000000000031c6       0x20 src/simply/simply_wakeup.c.42.o
 *fill*         0x00000000000031e6        0x2 
 .text.simply_wakeup_handle_packet
                0x00000000000031e8       0xac src/simply/simply_wakeup.c.42.o
                0x00000000000031e8                simply_wakeup_handle_packet
 .text.simply_wakeup_init
                0x0000000000003294        0xc src/simply/simply_wakeup.c.42.o
                0x0000000000003294                simply_wakeup_init
 .text.prv_update_layer_placement
                0x00000000000032a0       0x9e src/simply/simply_window.c.42.o
 .text.simply_window_single_click_handler
                0x000000000000333e       0x5c src/simply/simply_window.c.42.o
                0x000000000000333e                simply_window_single_click_handler
 *fill*         0x000000000000339a        0x2 
 .text.scroll_layer_set_click_config_provider_onto_window.constprop.5
                0x000000000000339c       0x30 src/simply/simply_window.c.42.o
 .text.click_config_provider
                0x00000000000033cc       0x7c src/simply/simply_window.c.42.o
 .text.long_click_handler
                0x0000000000003448       0x32 src/simply/simply_window.c.42.o
 .text.simply_window_set_scrollable
                0x000000000000347a       0x8a src/simply/simply_window.c.42.o
                0x000000000000347a                simply_window_set_scrollable
 .text.simply_window_set_status_bar
                0x0000000000003504       0x46 src/simply/simply_window.c.42.o
                0x0000000000003504                simply_window_set_status_bar
 .text.simply_window_set_background_color
                0x000000000000354a        0xe src/simply/simply_window.c.42.o
                0x000000000000354a                simply_window_set_background_color
 .text.simply_window_set_status_bar_colors
                0x0000000000003558        0xa src/simply/simply_window.c.42.o
                0x0000000000003558                simply_window_set_status_bar_colors
 .text.simply_window_set_status_bar_separator_mode
                0x0000000000003562        0xa src/simply/simply_window.c.42.o
                0x0000000000003562                simply_window_set_status_bar_separator_mode
 .text.simply_window_set_action_bar
                0x000000000000356c       0x54 src/simply/simply_window.c.42.o
                0x000000000000356c                simply_window_set_action_bar
 .text.simply_window_set_action_bar_icon
                0x00000000000035c0       0x58 src/simply/simply_window.c.42.o
                0x00000000000035c0                simply_window_set_action_bar_icon
 .text.simply_window_set_action_bar_background_color
                0x0000000000003618       0x38 src/simply/simply_window.c.42.o
                0x0000000000003618                simply_window_set_action_bar_background_color
 .text.simply_window_action_bar_clear
                0x0000000000003650       0x2c src/simply/simply_window.c.42.o
                0x0000000000003650                simply_window_action_bar_clear
 .text.simply_window_preload
                0x000000000000367c       0x30 src/simply/simply_window.c.42.o
                0x000000000000367c                simply_window_preload
 .text.simply_window_load
                0x00000000000036ac       0x94 src/simply/simply_window.c.42.o
                0x00000000000036ac                simply_window_load
 .text.simply_window_appear
                0x0000000000003740       0x1c src/simply/simply_window.c.42.o
                0x0000000000003740                simply_window_appear
 .text.simply_window_disappear
                0x000000000000375c       0x1c src/simply/simply_window.c.42.o
                0x000000000000375c                simply_window_disappear
 .text.simply_window_unload
                0x0000000000003778       0x32 src/simply/simply_window.c.42.o
                0x0000000000003778                simply_window_unload
 .text.simply_window_handle_packet
                0x00000000000037aa       0xbe src/simply/simply_window.c.42.o
                0x00000000000037aa                simply_window_handle_packet
 .text.simply_window_init
                0x0000000000003868       0x26 src/simply/simply_window.c.42.o
                0x0000000000003868                simply_window_init
 .text.simply_window_deinit
                0x000000000000388e       0x12 src/simply/simply_window.c.42.o
                0x000000000000388e                simply_window_deinit
 .text.show_window_sdk_3.isra.4
                0x00000000000038a0       0x50 src/simply/simply_window_stack.c.42.o
 .text.simply_window_stack_set_broadcast
                0x00000000000038f0       0x10 src/simply/simply_window_stack.c.42.o
                0x00000000000038f0                simply_window_stack_set_broadcast
 .text.simply_window_stack_get_top_window
                0x0000000000003900       0x20 src/simply/simply_window_stack.c.42.o
                0x0000000000003900                simply_window_stack_get_top_window
 .text.simply_window_stack_show
                0x0000000000003920        0x4 src/simply/simply_window_stack.c.42.o
                0x0000000000003920                simply_window_stack_show
 .text.simply_window_stack_pop
                0x0000000000003924       0x26 src/simply/simply_window_stack.c.42.o
                0x0000000000003924                simply_window_stack_pop
 *fill*         0x000000000000394a        0x2 
 .text.simply_window_stack_send_show
                0x000000000000394c       0x30 src/simply/simply_window_stack.c.42.o
                0x000000000000394c                simply_window_stack_send_show
 .text.simply_window_stack_send_hide
                0x000000000000397c       0x30 src/simply/simply_window_stack.c.42.o
                0x000000000000397c                simply_window_stack_send_hide
 .text.simply_window_stack_back
                0x00000000000039ac       0x1a src/simply/simply_window_stack.c.42.o
                0x00000000000039ac                simply_window_stack_back
 .text.simply_window_stack_handle_packet
                0x00000000000039c6       0x4a src/simply/simply_window_stack.c.42.o
                0x00000000000039c6                simply_window_stack_handle_packet
 .text.simply_window_stack_create
                0x0000000000003a10       0x12 src/simply/simply_window_stack.c.42.o
                0x0000000000003a10                simply_window_stack_create
 .text.simply_window_stack_destroy
                0x0000000000003a22        0x8 src/simply/simply_window_stack.c.42.o
                0x0000000000003a22                simply_window_stack_destroy
 *fill*         0x0000000000003a2a        0x2 
 .text.accel_data_service_unsubscribe
                0x0000000000003a2c        0xc /Users/jonathan/Library/Application Support/Pebble SDK/SDKs/current/sdk-core/pebble/aplite/lib/libpebble.a(tmp7jpKUopebble.o)
                0x0000000000003a2c                accel_data_service_unsubscribe
 .text.accel_service_peek
                0x0000000000003a38        0xc /Users/jonathan/Library/Application Support/Pebble SDK/SDKs/current/sdk-core/pebble/aplite/lib/libpebble.a(tmp7jpKUopebble.o)
                0x0000000000003a38                accel_service_peek
 .text.accel_service_set_sampling_rate
                0x0000000000003a44        0xc /Users/jonathan/Library/Application Support/Pebble SDK/SDKs/current/sdk-core/pebble/aplite/lib/libpebble.a(tmp7jpKUopebble.o)
                0x0000000000003a44                accel_service_set_sampling_rate
 .text.accel_tap_service_subscribe
                0x0000000000003a50        0xc /Users/jonathan/Library/Application Support/Pebble SDK/SDKs/current/sdk-core/pebble/aplite/lib/libpebble.a(tmp7jpKUopebble.o)
                0x0000000000003a50                accel_tap_service_subscribe
 .text.accel_tap_service_unsubscribe
                0x0000000000003a5c        0xc /Users/jonathan/Library/Application Support/Pebble SDK/SDKs/current/sdk-core/pebble/aplite/lib/libpebble.a(tmp7jpKUopebble.o)
                0x0000000000003a5c                accel_tap_service_unsubscribe
 .text.app_event_loop
                0x0000000000003a68        0xc /Users/jonathan/Library/Application Support/Pebble SDK/SDKs/current/sdk-core/pebble/aplite/lib/libpebble.a(tmp7jpKUopebble.o)
                0x0000000000003a68                app_event_loop
 .text.app_message_deregister_callbacks
                0x0000000000003a74        0xc /Users/jonathan/Library/Application Support/Pebble SDK/SDKs/current/sdk-core/pebble/aplite/lib/libpebble.a(tmp7jpKUopebble.o)
                0x0000000000003a74                app_message_deregister_callbacks
 .text.app_message_open
                0x0000000000003a80        0xc /Users/jonathan/Library/Application Support/Pebble SDK/SDKs/current/sdk-core/pebble/aplite/lib/libpebble.a(tmp7jpKUopebble.o)
                0x0000000000003a80                app_message_open
 .text.app_timer_cancel
                0x0000000000003a8c        0xc /Users/jonathan/Library/Application Support/Pebble SDK/SDKs/current/sdk-core/pebble/aplite/lib/libpebble.a(tmp7jpKUopebble.o)
                0x0000000000003a8c                app_timer_cancel
 .text.app_timer_register
                0x0000000000003a98        0xc /Users/jonathan/Library/Application Support/Pebble SDK/SDKs/current/sdk-core/pebble/aplite/lib/libpebble.a(tmp7jpKUopebble.o)
                0x0000000000003a98                app_timer_register
 .text.click_recognizer_get_button_id
                0x0000000000003aa4        0xc /Users/jonathan/Library/Application Support/Pebble SDK/SDKs/current/sdk-core/pebble/aplite/lib/libpebble.a(tmp7jpKUopebble.o)
                0x0000000000003aa4                click_recognizer_get_button_id
 .text.cos_lookup
                0x0000000000003ab0        0xc /Users/jonathan/Library/Application Support/Pebble SDK/SDKs/current/sdk-core/pebble/aplite/lib/libpebble.a(tmp7jpKUopebble.o)
                0x0000000000003ab0                cos_lookup
 .text.dict_find
                0x0000000000003abc        0xc /Users/jonathan/Library/Application Support/Pebble SDK/SDKs/current/sdk-core/pebble/aplite/lib/libpebble.a(tmp7jpKUopebble.o)
                0x0000000000003abc                dict_find
 .text.dict_write_data
                0x0000000000003ac8        0xc /Users/jonathan/Library/Application Support/Pebble SDK/SDKs/current/sdk-core/pebble/aplite/lib/libpebble.a(tmp7jpKUopebble.o)
                0x0000000000003ac8                dict_write_data
 .text.fonts_get_system_font
                0x0000000000003ad4        0xc /Users/jonathan/Library/Application Support/Pebble SDK/SDKs/current/sdk-core/pebble/aplite/lib/libpebble.a(tmp7jpKUopebble.o)
                0x0000000000003ad4                fonts_get_system_font
 .text.fonts_load_custom_font
                0x0000000000003ae0        0xc /Users/jonathan/Library/Application Support/Pebble SDK/SDKs/current/sdk-core/pebble/aplite/lib/libpebble.a(tmp7jpKUopebble.o)
                0x0000000000003ae0                fonts_load_custom_font
 .text.fonts_unload_custom_font
                0x0000000000003aec        0xc /Users/jonathan/Library/Application Support/Pebble SDK/SDKs/current/sdk-core/pebble/aplite/lib/libpebble.a(tmp7jpKUopebble.o)
                0x0000000000003aec                fonts_unload_custom_font
 .text.free     0x0000000000003af8        0xc /Users/jonathan/Library/Application Support/Pebble SDK/SDKs/current/sdk-core/pebble/aplite/lib/libpebble.a(tmp7jpKUopebble.o)
                0x0000000000003af8                free
 .text.gbitmap_create_with_resource
                0x0000000000003b04        0xc /Users/jonathan/Library/Application Support/Pebble SDK/SDKs/current/sdk-core/pebble/aplite/lib/libpebble.a(tmp7jpKUopebble.o)
                0x0000000000003b04                gbitmap_create_with_resource
 .text.gbitmap_destroy
                0x0000000000003b10        0xc /Users/jonathan/Library/Application Support/Pebble SDK/SDKs/current/sdk-core/pebble/aplite/lib/libpebble.a(tmp7jpKUopebble.o)
                0x0000000000003b10                gbitmap_destroy
 .text.graphics_context_set_compositing_mode
                0x0000000000003b1c        0xc /Users/jonathan/Library/Application Support/Pebble SDK/SDKs/current/sdk-core/pebble/aplite/lib/libpebble.a(tmp7jpKUopebble.o)
                0x0000000000003b1c                graphics_context_set_compositing_mode
 .text.graphics_draw_bitmap_in_rect
                0x0000000000003b28        0xc /Users/jonathan/Library/Application Support/Pebble SDK/SDKs/current/sdk-core/pebble/aplite/lib/libpebble.a(tmp7jpKUopebble.o)
                0x0000000000003b28                graphics_draw_bitmap_in_rect
 .text.graphics_draw_circle
                0x0000000000003b34        0xc /Users/jonathan/Library/Application Support/Pebble SDK/SDKs/current/sdk-core/pebble/aplite/lib/libpebble.a(tmp7jpKUopebble.o)
                0x0000000000003b34                graphics_draw_circle
 .text.graphics_draw_line
                0x0000000000003b40        0xc /Users/jonathan/Library/Application Support/Pebble SDK/SDKs/current/sdk-core/pebble/aplite/lib/libpebble.a(tmp7jpKUopebble.o)
                0x0000000000003b40                graphics_draw_line
 .text.graphics_draw_round_rect
                0x0000000000003b4c        0xc /Users/jonathan/Library/Application Support/Pebble SDK/SDKs/current/sdk-core/pebble/aplite/lib/libpebble.a(tmp7jpKUopebble.o)
                0x0000000000003b4c                graphics_draw_round_rect
 .text.graphics_fill_circle
                0x0000000000003b58        0xc /Users/jonathan/Library/Application Support/Pebble SDK/SDKs/current/sdk-core/pebble/aplite/lib/libpebble.a(tmp7jpKUopebble.o)
                0x0000000000003b58                graphics_fill_circle
 .text.graphics_fill_rect
                0x0000000000003b64        0xc /Users/jonathan/Library/Application Support/Pebble SDK/SDKs/current/sdk-core/pebble/aplite/lib/libpebble.a(tmp7jpKUopebble.o)
                0x0000000000003b64                graphics_fill_rect
 .text.grect_center_point
                0x0000000000003b70        0xc /Users/jonathan/Library/Application Support/Pebble SDK/SDKs/current/sdk-core/pebble/aplite/lib/libpebble.a(tmp7jpKUopebble.o)
                0x0000000000003b70                grect_center_point
 .text.grect_standardize
                0x0000000000003b7c        0xc /Users/jonathan/Library/Application Support/Pebble SDK/SDKs/current/sdk-core/pebble/aplite/lib/libpebble.a(tmp7jpKUopebble.o)
                0x0000000000003b7c                grect_standardize
 .text.gsize_equal
                0x0000000000003b88        0xc /Users/jonathan/Library/Application Support/Pebble SDK/SDKs/current/sdk-core/pebble/aplite/lib/libpebble.a(tmp7jpKUopebble.o)
                0x0000000000003b88                gsize_equal
 .text.inverter_layer_create
                0x0000000000003b94        0xc /Users/jonathan/Library/Application Support/Pebble SDK/SDKs/current/sdk-core/pebble/aplite/lib/libpebble.a(tmp7jpKUopebble.o)
                0x0000000000003b94                inverter_layer_create
 .text.inverter_layer_destroy
                0x0000000000003ba0        0xc /Users/jonathan/Library/Application Support/Pebble SDK/SDKs/current/sdk-core/pebble/aplite/lib/libpebble.a(tmp7jpKUopebble.o)
                0x0000000000003ba0                inverter_layer_destroy
 .text.inverter_layer_get_layer
                0x0000000000003bac        0xc /Users/jonathan/Library/Application Support/Pebble SDK/SDKs/current/sdk-core/pebble/aplite/lib/libpebble.a(tmp7jpKUopebble.o)
                0x0000000000003bac                inverter_layer_get_layer
 .text.layer_add_child
                0x0000000000003bb8        0xc /Users/jonathan/Library/Application Support/Pebble SDK/SDKs/current/sdk-core/pebble/aplite/lib/libpebble.a(tmp7jpKUopebble.o)
                0x0000000000003bb8                layer_add_child
 .text.layer_create_with_data
                0x0000000000003bc4        0xc /Users/jonathan/Library/Application Support/Pebble SDK/SDKs/current/sdk-core/pebble/aplite/lib/libpebble.a(tmp7jpKUopebble.o)
                0x0000000000003bc4                layer_create_with_data
 .text.layer_destroy
                0x0000000000003bd0        0xc /Users/jonathan/Library/Application Support/Pebble SDK/SDKs/current/sdk-core/pebble/aplite/lib/libpebble.a(tmp7jpKUopebble.o)
                0x0000000000003bd0                layer_destroy
 .text.layer_get_bounds
                0x0000000000003bdc        0xc /Users/jonathan/Library/Application Support/Pebble SDK/SDKs/current/sdk-core/pebble/aplite/lib/libpebble.a(tmp7jpKUopebble.o)
                0x0000000000003bdc                layer_get_bounds
 .text.layer_get_data
                0x0000000000003be8        0xc /Users/jonathan/Library/Application Support/Pebble SDK/SDKs/current/sdk-core/pebble/aplite/lib/libpebble.a(tmp7jpKUopebble.o)
                0x0000000000003be8                layer_get_data
 .text.layer_get_frame
                0x0000000000003bf4        0xc /Users/jonathan/Library/Application Support/Pebble SDK/SDKs/current/sdk-core/pebble/aplite/lib/libpebble.a(tmp7jpKUopebble.o)
                0x0000000000003bf4                layer_get_frame
 .text.layer_get_window
                0x0000000000003c00        0xc /Users/jonathan/Library/Application Support/Pebble SDK/SDKs/current/sdk-core/pebble/aplite/lib/libpebble.a(tmp7jpKUopebble.o)
                0x0000000000003c00                layer_get_window
 .text.layer_mark_dirty
                0x0000000000003c0c        0xc /Users/jonathan/Library/Application Support/Pebble SDK/SDKs/current/sdk-core/pebble/aplite/lib/libpebble.a(tmp7jpKUopebble.o)
                0x0000000000003c0c                layer_mark_dirty
 .text.layer_remove_from_parent
                0x0000000000003c18        0xc /Users/jonathan/Library/Application Support/Pebble SDK/SDKs/current/sdk-core/pebble/aplite/lib/libpebble.a(tmp7jpKUopebble.o)
                0x0000000000003c18                layer_remove_from_parent
 .text.layer_set_frame
                0x0000000000003c24        0xc /Users/jonathan/Library/Application Support/Pebble SDK/SDKs/current/sdk-core/pebble/aplite/lib/libpebble.a(tmp7jpKUopebble.o)
                0x0000000000003c24                layer_set_frame
 .text.layer_set_update_proc
                0x0000000000003c30        0xc /Users/jonathan/Library/Application Support/Pebble SDK/SDKs/current/sdk-core/pebble/aplite/lib/libpebble.a(tmp7jpKUopebble.o)
                0x0000000000003c30                layer_set_update_proc
 .text.light_enable
                0x0000000000003c3c        0xc /Users/jonathan/Library/Application Support/Pebble SDK/SDKs/current/sdk-core/pebble/aplite/lib/libpebble.a(tmp7jpKUopebble.o)
                0x0000000000003c3c                light_enable
 .text.light_enable_interaction
                0x0000000000003c48        0xc /Users/jonathan/Library/Application Support/Pebble SDK/SDKs/current/sdk-core/pebble/aplite/lib/libpebble.a(tmp7jpKUopebble.o)
                0x0000000000003c48                light_enable_interaction
 .text.malloc   0x0000000000003c54        0xc /Users/jonathan/Library/Application Support/Pebble SDK/SDKs/current/sdk-core/pebble/aplite/lib/libpebble.a(tmp7jpKUopebble.o)
                0x0000000000003c54                malloc
 .text.memcpy   0x0000000000003c60        0xc /Users/jonathan/Library/Application Support/Pebble SDK/SDKs/current/sdk-core/pebble/aplite/lib/libpebble.a(tmp7jpKUopebble.o)
                0x0000000000003c60                memcpy
 .text.memset   0x0000000000003c6c        0xc /Users/jonathan/Library/Application Support/Pebble SDK/SDKs/current/sdk-core/pebble/aplite/lib/libpebble.a(tmp7jpKUopebble.o)
                0x0000000000003c6c                memset
 .text.menu_cell_basic_draw
                0x0000000000003c78        0xc /Users/jonathan/Library/Application Support/Pebble SDK/SDKs/current/sdk-core/pebble/aplite/lib/libpebble.a(tmp7jpKUopebble.o)
                0x0000000000003c78                menu_cell_basic_draw
 .text.menu_layer_destroy
                0x0000000000003c84        0xc /Users/jonathan/Library/Application Support/Pebble SDK/SDKs/current/sdk-core/pebble/aplite/lib/libpebble.a(tmp7jpKUopebble.o)
                0x0000000000003c84                menu_layer_destroy
 .text.menu_layer_get_layer
                0x0000000000003c90        0xc /Users/jonathan/Library/Application Support/Pebble SDK/SDKs/current/sdk-core/pebble/aplite/lib/libpebble.a(tmp7jpKUopebble.o)
                0x0000000000003c90                menu_layer_get_layer
 .text.menu_layer_get_selected_index
                0x0000000000003c9c        0xc /Users/jonathan/Library/Application Support/Pebble SDK/SDKs/current/sdk-core/pebble/aplite/lib/libpebble.a(tmp7jpKUopebble.o)
                0x0000000000003c9c                menu_layer_get_selected_index
 .text.menu_layer_reload_data
                0x0000000000003ca8        0xc /Users/jonathan/Library/Application Support/Pebble SDK/SDKs/current/sdk-core/pebble/aplite/lib/libpebble.a(tmp7jpKUopebble.o)
                0x0000000000003ca8                menu_layer_reload_data
 .text.menu_layer_set_click_config_onto_window
                0x0000000000003cb4        0xc /Users/jonathan/Library/Application Support/Pebble SDK/SDKs/current/sdk-core/pebble/aplite/lib/libpebble.a(tmp7jpKUopebble.o)
                0x0000000000003cb4                menu_layer_set_click_config_onto_window
 .text.menu_layer_set_selected_index
                0x0000000000003cc0        0xc /Users/jonathan/Library/Application Support/Pebble SDK/SDKs/current/sdk-core/pebble/aplite/lib/libpebble.a(tmp7jpKUopebble.o)
                0x0000000000003cc0                menu_layer_set_selected_index
 .text.resource_get_handle
                0x0000000000003ccc        0xc /Users/jonathan/Library/Application Support/Pebble SDK/SDKs/current/sdk-core/pebble/aplite/lib/libpebble.a(tmp7jpKUopebble.o)
                0x0000000000003ccc                resource_get_handle
 .text.scroll_layer_add_child
                0x0000000000003cd8        0xc /Users/jonathan/Library/Application Support/Pebble SDK/SDKs/current/sdk-core/pebble/aplite/lib/libpebble.a(tmp7jpKUopebble.o)
                0x0000000000003cd8                scroll_layer_add_child
 .text.scroll_layer_create
                0x0000000000003ce4        0xc /Users/jonathan/Library/Application Support/Pebble SDK/SDKs/current/sdk-core/pebble/aplite/lib/libpebble.a(tmp7jpKUopebble.o)
                0x0000000000003ce4                scroll_layer_create
 .text.scroll_layer_destroy
                0x0000000000003cf0        0xc /Users/jonathan/Library/Application Support/Pebble SDK/SDKs/current/sdk-core/pebble/aplite/lib/libpebble.a(tmp7jpKUopebble.o)
                0x0000000000003cf0                scroll_layer_destroy
 .text.scroll_layer_get_content_offset
                0x0000000000003cfc        0xc /Users/jonathan/Library/Application Support/Pebble SDK/SDKs/current/sdk-core/pebble/aplite/lib/libpebble.a(tmp7jpKUopebble.o)
                0x0000000000003cfc                scroll_layer_get_content_offset
 .text.scroll_layer_get_content_size
                0x0000000000003d08        0xc /Users/jonathan/Library/Application Support/Pebble SDK/SDKs/current/sdk-core/pebble/aplite/lib/libpebble.a(tmp7jpKUopebble.o)
                0x0000000000003d08                scroll_layer_get_content_size
 .text.scroll_layer_get_layer
                0x0000000000003d14        0xc /Users/jonathan/Library/Application Support/Pebble SDK/SDKs/current/sdk-core/pebble/aplite/lib/libpebble.a(tmp7jpKUopebble.o)
                0x0000000000003d14                scroll_layer_get_layer
 .text.scroll_layer_set_click_config_onto_window
                0x0000000000003d20        0xc /Users/jonathan/Library/Application Support/Pebble SDK/SDKs/current/sdk-core/pebble/aplite/lib/libpebble.a(tmp7jpKUopebble.o)
                0x0000000000003d20                scroll_layer_set_click_config_onto_window
 .text.scroll_layer_set_content_offset
                0x0000000000003d2c        0xc /Users/jonathan/Library/Application Support/Pebble SDK/SDKs/current/sdk-core/pebble/aplite/lib/libpebble.a(tmp7jpKUopebble.o)
                0x0000000000003d2c                scroll_layer_set_content_offset
 .text.scroll_layer_set_content_size
                0x0000000000003d38        0xc /Users/jonathan/Library/Application Support/Pebble SDK/SDKs/current/sdk-core/pebble/aplite/lib/libpebble.a(tmp7jpKUopebble.o)
                0x0000000000003d38                scroll_layer_set_content_size
 .text.scroll_layer_set_context
                0x0000000000003d44        0xc /Users/jonathan/Library/Application Support/Pebble SDK/SDKs/current/sdk-core/pebble/aplite/lib/libpebble.a(tmp7jpKUopebble.o)
                0x0000000000003d44                scroll_layer_set_context
 .text.scroll_layer_set_shadow_hidden
                0x0000000000003d50        0xc /Users/jonathan/Library/Application Support/Pebble SDK/SDKs/current/sdk-core/pebble/aplite/lib/libpebble.a(tmp7jpKUopebble.o)
                0x0000000000003d50                scroll_layer_set_shadow_hidden
 .text.sin_lookup
                0x0000000000003d5c        0xc /Users/jonathan/Library/Application Support/Pebble SDK/SDKs/current/sdk-core/pebble/aplite/lib/libpebble.a(tmp7jpKUopebble.o)
                0x0000000000003d5c                sin_lookup
 .text.strftime
                0x0000000000003d68        0xc /Users/jonathan/Library/Application Support/Pebble SDK/SDKs/current/sdk-core/pebble/aplite/lib/libpebble.a(tmp7jpKUopebble.o)
                0x0000000000003d68                strftime
 .text.strlen   0x0000000000003d74        0xc /Users/jonathan/Library/Application Support/Pebble SDK/SDKs/current/sdk-core/pebble/aplite/lib/libpebble.a(tmp7jpKUopebble.o)
                0x0000000000003d74                strlen
 .text.strncpy  0x0000000000003d80        0xc /Users/jonathan/Library/Application Support/Pebble SDK/SDKs/current/sdk-core/pebble/aplite/lib/libpebble.a(tmp7jpKUopebble.o)
                0x0000000000003d80                strncpy
 .text.tick_timer_service_subscribe
                0x0000000000003d8c        0xc /Users/jonathan/Library/Application Support/Pebble SDK/SDKs/current/sdk-core/pebble/aplite/lib/libpebble.a(tmp7jpKUopebble.o)
                0x0000000000003d8c                tick_timer_service_subscribe
 .text.tick_timer_service_unsubscribe
                0x0000000000003d98        0xc /Users/jonathan/Library/Application Support/Pebble SDK/SDKs/current/sdk-core/pebble/aplite/lib/libpebble.a(tmp7jpKUopebble.o)
                0x0000000000003d98                tick_timer_service_unsubscribe
 .text.vibes_double_pulse
                0x0000000000003da4        0xc /Users/jonathan/Library/Application Support/Pebble SDK/SDKs/current/sdk-core/pebble/aplite/lib/libpebble.a(tmp7jpKUopebble.o)
                0x0000000000003da4                vibes_double_pulse
 .text.vibes_long_pulse
                0x0000000000003db0        0xc /Users/jonathan/Library/Application Support/Pebble SDK/SDKs/current/sdk-core/pebble/aplite/lib/libpebble.a(tmp7jpKUopebble.o)
                0x0000000000003db0                vibes_long_pulse
 .text.vibes_short_pulse
                0x0000000000003dbc        0xc /Users/jonathan/Library/Application Support/Pebble SDK/SDKs/current/sdk-core/pebble/aplite/lib/libpebble.a(tmp7jpKUopebble.o)
                0x0000000000003dbc                vibes_short_pulse
 .text.window_create
                0x0000000000003dc8        0xc /Users/jonathan/Library/Application Support/Pebble SDK/SDKs/current/sdk-core/pebble/aplite/lib/libpebble.a(tmp7jpKUopebble.o)
                0x0000000000003dc8                window_create
 .text.window_destroy
                0x0000000000003dd4        0xc /Users/jonathan/Library/Application Support/Pebble SDK/SDKs/current/sdk-core/pebble/aplite/lib/libpebble.a(tmp7jpKUopebble.o)
                0x0000000000003dd4                window_destroy
 .text.window_get_click_config_provider
                0x0000000000003de0        0xc /Users/jonathan/Library/Application Support/Pebble SDK/SDKs/current/sdk-core/pebble/aplite/lib/libpebble.a(tmp7jpKUopebble.o)
                0x0000000000003de0                window_get_click_config_provider
 .text.window_get_root_layer
                0x0000000000003dec        0xc /Users/jonathan/Library/Application Support/Pebble SDK/SDKs/current/sdk-core/pebble/aplite/lib/libpebble.a(tmp7jpKUopebble.o)
                0x0000000000003dec                window_get_root_layer
 .text.window_set_click_config_provider_with_context
                0x0000000000003df8        0xc /Users/jonathan/Library/Application Support/Pebble SDK/SDKs/current/sdk-core/pebble/aplite/lib/libpebble.a(tmp7jpKUopebble.o)
                0x0000000000003df8                window_set_click_config_provider_with_context
 .text.window_set_window_handlers
                0x0000000000003e04        0xc /Users/jonathan/Library/Application Support/Pebble SDK/SDKs/current/sdk-core/pebble/aplite/lib/libpebble.a(tmp7jpKUopebble.o)
                0x0000000000003e04                window_set_window_handlers
 .text.window_stack_get_top_window
                0x0000000000003e10        0xc /Users/jonathan/Library/Application Support/Pebble SDK/SDKs/current/sdk-core/pebble/aplite/lib/libpebble.a(tmp7jpKUopebble.o)
                0x0000000000003e10                window_stack_get_top_window
 .text.window_stack_pop
                0x0000000000003e1c        0xc /Users/jonathan/Library/Application Support/Pebble SDK/SDKs/current/sdk-core/pebble/aplite/lib/libpebble.a(tmp7jpKUopebble.o)
                0x0000000000003e1c                window_stack_pop
 .text.window_stack_pop_all
                0x0000000000003e28        0xc /Users/jonathan/Library/Application Support/Pebble SDK/SDKs/current/sdk-core/pebble/aplite/lib/libpebble.a(tmp7jpKUopebble.o)
                0x0000000000003e28                window_stack_pop_all
 .text.window_stack_push
                0x0000000000003e34        0xc /Users/jonathan/Library/Application Support/Pebble SDK/SDKs/current/sdk-core/pebble/aplite/lib/libpebble.a(tmp7jpKUopebble.o)
                0x0000000000003e34                window_stack_push
 .text.window_stack_remove
                0x0000000000003e40        0xc /Users/jonathan/Library/Application Support/Pebble SDK/SDKs/current/sdk-core/pebble/aplite/lib/libpebble.a(tmp7jpKUopebble.o)
                0x0000000000003e40                window_stack_remove
 .text.window_get_user_data
                0x0000000000003e4c        0xc /Users/jonathan/Library/Application Support/Pebble SDK/SDKs/current/sdk-core/pebble/aplite/lib/libpebble.a(tmp7jpKUopebble.o)
                0x0000000000003e4c                window_get_user_data
 .text.window_set_user_data
                0x0000000000003e58        0xc /Users/jonathan/Library/Application Support/Pebble SDK/SDKs/current/sdk-core/pebble/aplite/lib/libpebble.a(tmp7jpKUopebble.o)
                0x0000000000003e58                window_set_user_data
 .text.app_message_outbox_begin
                0x0000000000003e64        0xc /Users/jonathan/Library/Application Support/Pebble SDK/SDKs/current/sdk-core/pebble/aplite/lib/libpebble.a(tmp7jpKUopebble.o)
                0x0000000000003e64                app_message_outbox_begin
 .text.app_message_outbox_send
                0x0000000000003e70        0xc /Users/jonathan/Library/Application Support/Pebble SDK/SDKs/current/sdk-core/pebble/aplite/lib/libpebble.a(tmp7jpKUopebble.o)
                0x0000000000003e70                app_message_outbox_send
 .text.app_message_register_inbox_dropped
                0x0000000000003e7c        0xc /Users/jonathan/Library/Application Support/Pebble SDK/SDKs/current/sdk-core/pebble/aplite/lib/libpebble.a(tmp7jpKUopebble.o)
                0x0000000000003e7c                app_message_register_inbox_dropped
 .text.app_message_register_inbox_received
                0x0000000000003e88        0xc /Users/jonathan/Library/Application Support/Pebble SDK/SDKs/current/sdk-core/pebble/aplite/lib/libpebble.a(tmp7jpKUopebble.o)
                0x0000000000003e88                app_message_register_inbox_received
 .text.app_message_register_outbox_failed
                0x0000000000003e94        0xc /Users/jonathan/Library/Application Support/Pebble SDK/SDKs/current/sdk-core/pebble/aplite/lib/libpebble.a(tmp7jpKUopebble.o)
                0x0000000000003e94                app_message_register_outbox_failed
 .text.app_message_register_outbox_sent
                0x0000000000003ea0        0xc /Users/jonathan/Library/Application Support/Pebble SDK/SDKs/current/sdk-core/pebble/aplite/lib/libpebble.a(tmp7jpKUopebble.o)
                0x0000000000003ea0                app_message_register_outbox_sent
 .text.app_message_set_context
                0x0000000000003eac        0xc /Users/jonathan/Library/Application Support/Pebble SDK/SDKs/current/sdk-core/pebble/aplite/lib/libpebble.a(tmp7jpKUopebble.o)
                0x0000000000003eac                app_message_set_context
 .text.window_long_click_subscribe
                0x0000000000003eb8        0xc /Users/jonathan/Library/Application Support/Pebble SDK/SDKs/current/sdk-core/pebble/aplite/lib/libpebble.a(tmp7jpKUopebble.o)
                0x0000000000003eb8                window_long_click_subscribe
 .text.window_set_click_context
                0x0000000000003ec4        0xc /Users/jonathan/Library/Application Support/Pebble SDK/SDKs/current/sdk-core/pebble/aplite/lib/libpebble.a(tmp7jpKUopebble.o)
                0x0000000000003ec4                window_set_click_context
 .text.window_single_click_subscribe
                0x0000000000003ed0        0xc /Users/jonathan/Library/Application Support/Pebble SDK/SDKs/current/sdk-core/pebble/aplite/lib/libpebble.a(tmp7jpKUopebble.o)
                0x0000000000003ed0                window_single_click_subscribe
 .text.graphics_draw_text
                0x0000000000003edc        0xc /Users/jonathan/Library/Application Support/Pebble SDK/SDKs/current/sdk-core/pebble/aplite/lib/libpebble.a(tmp7jpKUopebble.o)
                0x0000000000003edc                graphics_draw_text
 .text.accel_data_service_subscribe
                0x0000000000003ee8        0xc /Users/jonathan/Library/Application Support/Pebble SDK/SDKs/current/sdk-core/pebble/aplite/lib/libpebble.a(tmp7jpKUopebble.o)
                0x0000000000003ee8                accel_data_service_subscribe
 .text.launch_reason
                0x0000000000003ef4        0xc /Users/jonathan/Library/Application Support/Pebble SDK/SDKs/current/sdk-core/pebble/aplite/lib/libpebble.a(tmp7jpKUopebble.o)
                0x0000000000003ef4                launch_reason
 .text.wakeup_cancel
                0x0000000000003f00        0xc /Users/jonathan/Library/Application Support/Pebble SDK/SDKs/current/sdk-core/pebble/aplite/lib/libpebble.a(tmp7jpKUopebble.o)
                0x0000000000003f00                wakeup_cancel
 .text.wakeup_cancel_all
                0x0000000000003f0c        0xc /Users/jonathan/Library/Application Support/Pebble SDK/SDKs/current/sdk-core/pebble/aplite/lib/libpebble.a(tmp7jpKUopebble.o)
                0x0000000000003f0c                wakeup_cancel_all
 .text.wakeup_get_launch_event
                0x0000000000003f18        0xc /Users/jonathan/Library/Application Support/Pebble SDK/SDKs/current/sdk-core/pebble/aplite/lib/libpebble.a(tmp7jpKUopebble.o)
                0x0000000000003f18                wakeup_get_launch_event
 .text.wakeup_schedule
                0x0000000000003f24        0xc /Users/jonathan/Library/Application Support/Pebble SDK/SDKs/current/sdk-core/pebble/aplite/lib/libpebble.a(tmp7jpKUopebble.o)
                0x0000000000003f24                wakeup_schedule
 .text.wakeup_service_subscribe
                0x0000000000003f30        0xc /Users/jonathan/Library/Application Support/Pebble SDK/SDKs/current/sdk-core/pebble/aplite/lib/libpebble.a(tmp7jpKUopebble.o)
                0x0000000000003f30                wakeup_service_subscribe
 .text.clock_is_timezone_set
                0x0000000000003f3c        0xc /Users/jonathan/Library/Application Support/Pebble SDK/SDKs/current/sdk-core/pebble/aplite/lib/libpebble.a(tmp7jpKUopebble.o)
                0x0000000000003f3c                clock_is_timezone_set
 .text.graphics_context_set_fill_color
                0x0000000000003f48        0xc /Users/jonathan/Library/Application Support/Pebble SDK/SDKs/current/sdk-core/pebble/aplite/lib/libpebble.a(tmp7jpKUopebble.o)
                0x0000000000003f48                graphics_context_set_fill_color
 .text.graphics_context_set_stroke_color
                0x0000000000003f54        0xc /Users/jonathan/Library/Application Support/Pebble SDK/SDKs/current/sdk-core/pebble/aplite/lib/libpebble.a(tmp7jpKUopebble.o)
                0x0000000000003f54                graphics_context_set_stroke_color
 .text.graphics_context_set_text_color
                0x0000000000003f60        0xc /Users/jonathan/Library/Application Support/Pebble SDK/SDKs/current/sdk-core/pebble/aplite/lib/libpebble.a(tmp7jpKUopebble.o)
                0x0000000000003f60                graphics_context_set_text_color
 .text.window_set_background_color
                0x0000000000003f6c        0xc /Users/jonathan/Library/Application Support/Pebble SDK/SDKs/current/sdk-core/pebble/aplite/lib/libpebble.a(tmp7jpKUopebble.o)
                0x0000000000003f6c                window_set_background_color
 .text.localtime
                0x0000000000003f78        0xc /Users/jonathan/Library/Application Support/Pebble SDK/SDKs/current/sdk-core/pebble/aplite/lib/libpebble.a(tmp7jpKUopebble.o)
                0x0000000000003f78                localtime
 .text.animation_destroy
                0x0000000000003f84        0xc /Users/jonathan/Library/Application Support/Pebble SDK/SDKs/current/sdk-core/pebble/aplite/lib/libpebble.a(tmp7jpKUopebble.o)
                0x0000000000003f84                animation_destroy
 .text.animation_schedule
                0x0000000000003f90        0xc /Users/jonathan/Library/Application Support/Pebble SDK/SDKs/current/sdk-core/pebble/aplite/lib/libpebble.a(tmp7jpKUopebble.o)
                0x0000000000003f90                animation_schedule
 .text.animation_set_curve
                0x0000000000003f9c        0xc /Users/jonathan/Library/Application Support/Pebble SDK/SDKs/current/sdk-core/pebble/aplite/lib/libpebble.a(tmp7jpKUopebble.o)
                0x0000000000003f9c                animation_set_curve
 .text.animation_set_duration
                0x0000000000003fa8        0xc /Users/jonathan/Library/Application Support/Pebble SDK/SDKs/current/sdk-core/pebble/aplite/lib/libpebble.a(tmp7jpKUopebble.o)
                0x0000000000003fa8                animation_set_duration
 .text.animation_set_handlers
                0x0000000000003fb4        0xc /Users/jonathan/Library/Application Support/Pebble SDK/SDKs/current/sdk-core/pebble/aplite/lib/libpebble.a(tmp7jpKUopebble.o)
                0x0000000000003fb4                animation_set_handlers
 .text.animation_unschedule
                0x0000000000003fc0        0xc /Users/jonathan/Library/Application Support/Pebble SDK/SDKs/current/sdk-core/pebble/aplite/lib/libpebble.a(tmp7jpKUopebble.o)
                0x0000000000003fc0                animation_unschedule
 .text.property_animation_create
                0x0000000000003fcc        0xc /Users/jonathan/Library/Application Support/Pebble SDK/SDKs/current/sdk-core/pebble/aplite/lib/libpebble.a(tmp7jpKUopebble.o)
                0x0000000000003fcc                property_animation_create
 .text.property_animation_destroy
                0x0000000000003fd8        0xc /Users/jonathan/Library/Application Support/Pebble SDK/SDKs/current/sdk-core/pebble/aplite/lib/libpebble.a(tmp7jpKUopebble.o)
                0x0000000000003fd8                property_animation_destroy
 .text.property_animation_from
                0x0000000000003fe4        0xc /Users/jonathan/Library/Application Support/Pebble SDK/SDKs/current/sdk-core/pebble/aplite/lib/libpebble.a(tmp7jpKUopebble.o)
                0x0000000000003fe4                property_animation_from
 .text.property_animation_to
                0x0000000000003ff0        0xc /Users/jonathan/Library/Application Support/Pebble SDK/SDKs/current/sdk-core/pebble/aplite/lib/libpebble.a(tmp7jpKUopebble.o)
                0x0000000000003ff0                property_animation_to
 .text.property_animation_update_grect
                0x0000000000003ffc        0xc /Users/jonathan/Library/Application Support/Pebble SDK/SDKs/current/sdk-core/pebble/aplite/lib/libpebble.a(tmp7jpKUopebble.o)
                0x0000000000003ffc                property_animation_update_grect
 .text.gbitmap_get_bounds
                0x0000000000004008        0xc /Users/jonathan/Library/Application Support/Pebble SDK/SDKs/current/sdk-core/pebble/aplite/lib/libpebble.a(tmp7jpKUopebble.o)
                0x0000000000004008                gbitmap_get_bounds
 .text.gbitmap_get_format
                0x0000000000004014        0xc /Users/jonathan/Library/Application Support/Pebble SDK/SDKs/current/sdk-core/pebble/aplite/lib/libpebble.a(tmp7jpKUopebble.o)
                0x0000000000004014                gbitmap_get_format
 .text.gbitmap_get_palette
                0x0000000000004020        0xc /Users/jonathan/Library/Application Support/Pebble SDK/SDKs/current/sdk-core/pebble/aplite/lib/libpebble.a(tmp7jpKUopebble.o)
                0x0000000000004020                gbitmap_get_palette
 .text.gbitmap_set_palette
                0x000000000000402c        0xc /Users/jonathan/Library/Application Support/Pebble SDK/SDKs/current/sdk-core/pebble/aplite/lib/libpebble.a(tmp7jpKUopebble.o)
                0x000000000000402c                gbitmap_set_palette
 .text.gbitmap_create_from_png_data
                0x0000000000004038        0xc /Users/jonathan/Library/Application Support/Pebble SDK/SDKs/current/sdk-core/pebble/aplite/lib/libpebble.a(tmp7jpKUopebble.o)
                0x0000000000004038                gbitmap_create_from_png_data
 .text.launch_get_args
                0x0000000000004044        0xc /Users/jonathan/Library/Application Support/Pebble SDK/SDKs/current/sdk-core/pebble/aplite/lib/libpebble.a(tmp7jpKUopebble.o)
                0x0000000000004044                launch_get_args
 .text.menu_layer_create
                0x0000000000004050        0xc /Users/jonathan/Library/Application Support/Pebble SDK/SDKs/current/sdk-core/pebble/aplite/lib/libpebble.a(tmp7jpKUopebble.o)
                0x0000000000004050                menu_layer_create
 .text.graphics_context_set_antialiased
                0x000000000000405c        0xc /Users/jonathan/Library/Application Support/Pebble SDK/SDKs/current/sdk-core/pebble/aplite/lib/libpebble.a(tmp7jpKUopebble.o)
                0x000000000000405c                graphics_context_set_antialiased
 .text.graphics_context_set_stroke_width
                0x0000000000004068        0xc /Users/jonathan/Library/Application Support/Pebble SDK/SDKs/current/sdk-core/pebble/aplite/lib/libpebble.a(tmp7jpKUopebble.o)
                0x0000000000004068                graphics_context_set_stroke_width
 .text.action_bar_layer_add_to_window
                0x0000000000004074        0xc /Users/jonathan/Library/Application Support/Pebble SDK/SDKs/current/sdk-core/pebble/aplite/lib/libpebble.a(tmp7jpKUopebble.o)
                0x0000000000004074                action_bar_layer_add_to_window
 .text.action_bar_layer_clear_icon
                0x0000000000004080        0xc /Users/jonathan/Library/Application Support/Pebble SDK/SDKs/current/sdk-core/pebble/aplite/lib/libpebble.a(tmp7jpKUopebble.o)
                0x0000000000004080                action_bar_layer_clear_icon
 .text.action_bar_layer_create
                0x000000000000408c        0xc /Users/jonathan/Library/Application Support/Pebble SDK/SDKs/current/sdk-core/pebble/aplite/lib/libpebble.a(tmp7jpKUopebble.o)
                0x000000000000408c                action_bar_layer_create
 .text.action_bar_layer_destroy
                0x0000000000004098        0xc /Users/jonathan/Library/Application Support/Pebble SDK/SDKs/current/sdk-core/pebble/aplite/lib/libpebble.a(tmp7jpKUopebble.o)
                0x0000000000004098                action_bar_layer_destroy
 .text.action_bar_layer_get_layer
                0x00000000000040a4        0xc /Users/jonathan/Library/Application Support/Pebble SDK/SDKs/current/sdk-core/pebble/aplite/lib/libpebble.a(tmp7jpKUopebble.o)
                0x00000000000040a4                action_bar_layer_get_layer
 .text.action_bar_layer_remove_from_window
                0x00000000000040b0        0xc /Users/jonathan/Library/Application Support/Pebble SDK/SDKs/current/sdk-core/pebble/aplite/lib/libpebble.a(tmp7jpKUopebble.o)
                0x00000000000040b0                action_bar_layer_remove_from_window
 .text.action_bar_layer_set_background_color
                0x00000000000040bc        0xc /Users/jonathan/Library/Application Support/Pebble SDK/SDKs/current/sdk-core/pebble/aplite/lib/libpebble.a(tmp7jpKUopebble.o)
                0x00000000000040bc                action_bar_layer_set_background_color
 .text.action_bar_layer_set_click_config_provider
                0x00000000000040c8        0xc /Users/jonathan/Library/Application Support/Pebble SDK/SDKs/current/sdk-core/pebble/aplite/lib/libpebble.a(tmp7jpKUopebble.o)
                0x00000000000040c8                action_bar_layer_set_click_config_provider
 .text.action_bar_layer_set_context
                0x00000000000040d4        0xc /Users/jonathan/Library/Application Support/Pebble SDK/SDKs/current/sdk-core/pebble/aplite/lib/libpebble.a(tmp7jpKUopebble.o)
                0x00000000000040d4                action_bar_layer_set_context
 .text.action_bar_layer_set_icon
                0x00000000000040e0        0xc /Users/jonathan/Library/Application Support/Pebble SDK/SDKs/current/sdk-core/pebble/aplite/lib/libpebble.a(tmp7jpKUopebble.o)
                0x00000000000040e0                action_bar_layer_set_icon
 .text.menu_cell_layer_is_highlighted
                0x00000000000040ec        0xc /Users/jonathan/Library/Application Support/Pebble SDK/SDKs/current/sdk-core/pebble/aplite/lib/libpebble.a(tmp7jpKUopebble.o)
                0x00000000000040ec                menu_cell_layer_is_highlighted
 .text.time     0x00000000000040f8        0xc /Users/jonathan/Library/Application Support/Pebble SDK/SDKs/current/sdk-core/pebble/aplite/lib/libpebble.a(tmp7jpKUopebble.o)
                0x00000000000040f8                time
 .text.menu_layer_set_highlight_colors
                0x0000000000004104        0xc /Users/jonathan/Library/Application Support/Pebble SDK/SDKs/current/sdk-core/pebble/aplite/lib/libpebble.a(tmp7jpKUopebble.o)
                0x0000000000004104                menu_layer_set_highlight_colors
 .text.menu_layer_set_normal_colors
                0x0000000000004110        0xc /Users/jonathan/Library/Application Support/Pebble SDK/SDKs/current/sdk-core/pebble/aplite/lib/libpebble.a(tmp7jpKUopebble.o)
                0x0000000000004110                menu_layer_set_normal_colors
 .text.menu_layer_set_callbacks
                0x000000000000411c        0xc /Users/jonathan/Library/Application Support/Pebble SDK/SDKs/current/sdk-core/pebble/aplite/lib/libpebble.a(tmp7jpKUopebble.o)
                0x000000000000411c                menu_layer_set_callbacks
 .text.status_bar_layer_create
                0x0000000000004128        0xc /Users/jonathan/Library/Application Support/Pebble SDK/SDKs/current/sdk-core/pebble/aplite/lib/libpebble.a(tmp7jpKUopebble.o)
                0x0000000000004128                status_bar_layer_create
 .text.status_bar_layer_destroy
                0x0000000000004134        0xc /Users/jonathan/Library/Application Support/Pebble SDK/SDKs/current/sdk-core/pebble/aplite/lib/libpebble.a(tmp7jpKUopebble.o)
                0x0000000000004134                status_bar_layer_destroy
 .text.status_bar_layer_get_layer
                0x0000000000004140        0xc /Users/jonathan/Library/Application Support/Pebble SDK/SDKs/current/sdk-core/pebble/aplite/lib/libpebble.a(tmp7jpKUopebble.o)
                0x0000000000004140                status_bar_layer_get_layer
 .text.status_bar_layer_set_colors
                0x000000000000414c        0xc /Users/jonathan/Library/Application Support/Pebble SDK/SDKs/current/sdk-core/pebble/aplite/lib/libpebble.a(tmp7jpKUopebble.o)
                0x000000000000414c                status_bar_layer_set_colors
 .text.status_bar_layer_set_separator_mode
                0x0000000000004158        0xc /Users/jonathan/Library/Application Support/Pebble SDK/SDKs/current/sdk-core/pebble/aplite/lib/libpebble.a(tmp7jpKUopebble.o)
                0x0000000000004158                status_bar_layer_set_separator_mode
 .text.time_ms  0x0000000000004164        0xc /Users/jonathan/Library/Application Support/Pebble SDK/SDKs/current/sdk-core/pebble/aplite/lib/libpebble.a(tmp7jpKUopebble.o)
                0x0000000000004164                time_ms
 .text.grect_inset
                0x0000000000004170        0xc /Users/jonathan/Library/Application Support/Pebble SDK/SDKs/current/sdk-core/pebble/aplite/lib/libpebble.a(tmp7jpKUopebble.o)
                0x0000000000004170                grect_inset
 .text.gpoint_from_polar
                0x000000000000417c        0xc /Users/jonathan/Library/Application Support/Pebble SDK/SDKs/current/sdk-core/pebble/aplite/lib/libpebble.a(tmp7jpKUopebble.o)
                0x000000000000417c                gpoint_from_polar
 .text.graphics_draw_arc
                0x0000000000004188        0xc /Users/jonathan/Library/Application Support/Pebble SDK/SDKs/current/sdk-core/pebble/aplite/lib/libpebble.a(tmp7jpKUopebble.o)
                0x0000000000004188                graphics_draw_arc
 .text.graphics_fill_radial
                0x0000000000004194        0xc /Users/jonathan/Library/Application Support/Pebble SDK/SDKs/current/sdk-core/pebble/aplite/lib/libpebble.a(tmp7jpKUopebble.o)
                0x0000000000004194                graphics_fill_radial
 .text.graphics_text_attributes_create
                0x00000000000041a0        0xc /Users/jonathan/Library/Application Support/Pebble SDK/SDKs/current/sdk-core/pebble/aplite/lib/libpebble.a(tmp7jpKUopebble.o)
                0x00000000000041a0                graphics_text_attributes_create
 .text.graphics_text_attributes_destroy
                0x00000000000041ac        0xc /Users/jonathan/Library/Application Support/Pebble SDK/SDKs/current/sdk-core/pebble/aplite/lib/libpebble.a(tmp7jpKUopebble.o)
                0x00000000000041ac                graphics_text_attributes_destroy
 .text.graphics_text_layout_get_content_size_with_attributes
                0x00000000000041b8        0xc /Users/jonathan/Library/Application Support/Pebble SDK/SDKs/current/sdk-core/pebble/aplite/lib/libpebble.a(tmp7jpKUopebble.o)
                0x00000000000041b8                graphics_text_layout_get_content_size_with_attributes
 .text.scroll_layer_set_paging
                0x00000000000041c4        0xc /Users/jonathan/Library/Application Support/Pebble SDK/SDKs/current/sdk-core/pebble/aplite/lib/libpebble.a(tmp7jpKUopebble.o)
                0x00000000000041c4                scroll_layer_set_paging
 *(.rodata)
 *(.rodata*)
 .rodata.str1.1
                0x00000000000041d0       0x1b src/simply/simply_menu.c.42.o
                                         0x1c (size before relaxing)
 .rodata.str1.1
                0x00000000000041eb       0x26 src/simply/simply_msg.c.42.o
 .rodata.CSWTCH.22
                0x0000000000004211        0x7 src/simply/simply_stage.c.42.o
 .rodata.str1.1
                0x0000000000004218       0x16 src/simply/simply_stage.c.42.o
 .rodata.str1.1
                0x000000000000422e       0x7d src/simply/simply_ui.c.42.o

.glue_7         0x00000000000042ac        0x0
 .glue_7        0x0000000000000000        0x0 linker stubs

.glue_7t        0x00000000000042ac        0x0
 .glue_7t       0x0000000000000000        0x0 linker stubs

.vfp11_veneer   0x00000000000042ac        0x0
 .vfp11_veneer  0x0000000000000000        0x0 linker stubs

.v4_bx          0x00000000000042ac        0x0
 .v4_bx         0x0000000000000000        0x0 linker stubs

.iplt           0x00000000000042ac        0x0
 .iplt          0x0000000000000000        0x0 /Users/jonathan/pebble-dev/pebble-sdk-4.5-mac/arm-cs-tools/bin/../lib/gcc/arm-none-eabi/4.7.2/thumb2/crtbegin.o

.rel.dyn        0x00000000000042ac        0x0
 .rel.iplt      0x0000000000000000        0x0 /Users/jonathan/pebble-dev/pebble-sdk-4.5-mac/arm-cs-tools/bin/../lib/gcc/arm-none-eabi/4.7.2/thumb2/crtbegin.o

.ARM.exidx      0x00000000000042ac        0x8
 .ARM.exidx     0x00000000000042ac        0x8 /Users/jonathan/pebble-dev/pebble-sdk-4.5-mac/arm-cs-tools/bin/../lib/gcc/arm-none-eabi/4.7.2/thumb2/libgcc.a(_divdi3.o)
 .ARM.exidx     0x00000000000042b4        0x0 /Users/jonathan/pebble-dev/pebble-sdk-4.5-mac/arm-cs-tools/bin/../lib/gcc/arm-none-eabi/4.7.2/thumb2/libgcc.a(_udivdi3.o)
                                          0x8 (size before relaxing)

.data           0x00000000000042b4       0xb2
 *(.data)
 .data          0x00000000000042b4        0x0 /Users/jonathan/pebble-dev/pebble-sdk-4.5-mac/arm-cs-tools/bin/../lib/gcc/arm-none-eabi/4.7.2/thumb2/crti.o
 .data          0x00000000000042b4        0x4 /Users/jonathan/pebble-dev/pebble-sdk-4.5-mac/arm-cs-tools/bin/../lib/gcc/arm-none-eabi/4.7.2/thumb2/crtbegin.o
                0x00000000000042b4                __dso_handle
 .data          0x00000000000042b8        0x0 src/main.c.42.o
 .data          0x00000000000042b8        0x0 src/simply/simply.c.42.o
 .data          0x00000000000042b8        0x0 src/simply/simply_accel.c.42.o
 .data          0x00000000000042b8        0x0 src/simply/simply_menu.c.42.o
 .data          0x00000000000042b8        0x0 src/simply/simply_msg.c.42.o
 .data          0x00000000000042b8        0x0 src/simply/simply_res.c.42.o
 .data          0x00000000000042b8        0x0 src/simply/simply_splash.c.42.o
 .data          0x00000000000042b8        0x0 src/simply/simply_stage.c.42.o
 .data          0x00000000000042b8        0x0 src/simply/simply_ui.c.42.o
 .data          0x00000000000042b8        0x0 src/simply/simply_voice.c.42.o
 .data          0x00000000000042b8        0x0 src/simply/simply_wakeup.c.42.o
 .data          0x00000000000042b8        0x0 src/simply/simply_window.c.42.o
 .data          0x00000000000042b8        0x0 src/simply/simply_window_stack.c.42.o
 .data          0x00000000000042b8        0x0 aplite/appinfo.auto.c.42.o
 .data          0x00000000000042b8        0x0 aplite/src/resource_ids.auto.c.42.o
 .data          0x00000000000042b8        0x0 /Users/jonathan/Library/Application Support/Pebble SDK/SDKs/current/sdk-core/pebble/aplite/lib/libpebble.a(tmp7jpKUopebble.o)
 .data          0x00000000000042b8        0x0 /Users/jonathan/pebble-dev/pebble-sdk-4.5-mac/arm-cs-tools/bin/../lib/gcc/arm-none-eabi/4.7.2/thumb2/libgcc.a(_aeabi_ldivmod.o)
 .data          0x00000000000042b8        0x0 /Users/jonathan/pebble-dev/pebble-sdk-4.5-mac/arm-cs-tools/bin/../lib/gcc/arm-none-eabi/4.7.2/thumb2/libgcc.a(bpabi.o)
 .data          0x00000000000042b8        0x0 /Users/jonathan/pebble-dev/pebble-sdk-4.5-mac/arm-cs-tools/bin/../lib/gcc/arm-none-eabi/4.7.2/thumb2/libgcc.a(_dvmd_tls.o)
 .data          0x00000000000042b8        0x0 /Users/jonathan/pebble-dev/pebble-sdk-4.5-mac/arm-cs-tools/bin/../lib/gcc/arm-none-eabi/4.7.2/thumb2/libgcc.a(_divdi3.o)
 .data          0x00000000000042b8        0x0 /Users/jonathan/pebble-dev/pebble-sdk-4.5-mac/arm-cs-tools/bin/../lib/gcc/arm-none-eabi/4.7.2/thumb2/libgcc.a(_udivdi3.o)
 .data          0x00000000000042b8        0x0 /Users/jonathan/pebble-dev/pebble-sdk-4.5-mac/arm-cs-tools/bin/../lib/gcc/arm-none-eabi/4.7.2/thumb2/libgcc.a(_udivsi3.o)
 .data          0x00000000000042b8        0x0 /Users/jonathan/pebble-dev/pebble-sdk-4.5-mac/arm-cs-tools/bin/../lib/gcc/arm-none-eabi/4.7.2/thumb2/crtend.o
 .data          0x00000000000042b8        0x0 /Users/jonathan/pebble-dev/pebble-sdk-4.5-mac/arm-cs-tools/bin/../lib/gcc/arm-none-eabi/4.7.2/thumb2/crtn.o
 *(.data.*)
 .data.s_normal_palette
                0x00000000000042b8        0x2 src/simply/simply_menu.c.42.o
 *fill*         0x00000000000042ba        0x2 
 .data.rel.ro.local.s_window_handlers.8415
                0x00000000000042bc       0x10 src/simply/simply_menu.c.42.o
 .data.s_inverted_palette
                0x00000000000042cc        0x2 src/simply/simply_menu.c.42.o
 *fill*         0x00000000000042ce        0x2 
 .data.rel.ro.local.s_window_handlers.8456
                0x00000000000042d0       0x10 src/simply/simply_stage.c.42.o
 .data.rel.ro.implementation.8330
                0x00000000000042e0       0x14 src/simply/simply_stage.c.42.o
 .data.rel.ro.local.s_window_handlers.8197
                0x00000000000042f4       0x10 src/simply/simply_ui.c.42.o
 .data.rel.ro.local.STYLES
                0x0000000000004304       0x5f src/simply/simply_ui.c.42.o
 .data.s_button_palette
                0x0000000000004363        0x2 src/simply/simply_window.c.42.o
 .data.s_broadcast_window
                0x0000000000004365        0x1 src/simply/simply_window_stack.c.42.o

.igot.plt       0x0000000000004368        0x0
 .igot.plt      0x0000000000000000        0x0 /Users/jonathan/pebble-dev/pebble-sdk-4.5-mac/arm-cs-tools/bin/../lib/gcc/arm-none-eabi/4.7.2/thumb2/crtbegin.o

.bss            0x0000000000004368      0x114
 *(.bss)
 *(.bss.*)
 .bss.s_accel   0x0000000000004368        0x4 src/simply/simply_accel.c.42.o
 .bss.s_provider.7971
                0x000000000000436c        0x4 src/simply/simply_menu.c.42.o
 .bss.s_has_communicated
                0x0000000000004370        0x1 src/simply/simply_msg.c.42.o
 *fill*         0x0000000000004371        0x3 
 .bss.s_msg     0x0000000000004374        0x4 src/simply/simply_msg.c.42.o
 .bss.time_text.8217
                0x0000000000004378      0x100 src/simply/simply_stage.c.42.o
 .bss.s_provider.7967
                0x0000000000004478        0x4 src/simply/simply_window.c.42.o

DISCARD
 libc.a(*)
 libm.a(*)
 libgcc.a(*)
 *(.eh_frame)
OUTPUT(/Users/jonathan/Sites/Pebble-RSS-Reader-2/build/aplite/pebble-app.elf elf32-littlearm)

.ARM.attributes
                0x0000000000000000       0x27
 .ARM.attributes
                0x0000000000000000       0x19 /Users/jonathan/pebble-dev/pebble-sdk-4.5-mac/arm-cs-tools/bin/../lib/gcc/arm-none-eabi/4.7.2/thumb2/crti.o
 .ARM.attributes
                0x0000000000000019       0x29 /Users/jonathan/pebble-dev/pebble-sdk-4.5-mac/arm-cs-tools/bin/../lib/gcc/arm-none-eabi/4.7.2/thumb2/crtbegin.o
 .ARM.attributes
                0x0000000000000042       0x33 src/main.c.42.o
 .ARM.attributes
                0x0000000000000075       0x33 src/simply/simply.c.42.o
 .ARM.attributes
                0x00000000000000a8       0x33 src/simply/simply_accel.c.42.o
 .ARM.attributes
                0x00000000000000db       0x33 src/simply/simply_menu.c.42.o
 .ARM.attributes
                0x000000000000010e       0x33 src/simply/simply_msg.c.42.o
 .ARM.attributes
                0x0000000000000141       0x33 src/simply/simply_res.c.42.o
 .ARM.attributes
                0x0000000000000174       0x33 src/simply/simply_splash.c.42.o
 .ARM.attributes
                0x00000000000001a7       0x33 src/simply/simply_stage.c.42.o
 .ARM.attributes
                0x00000000000001da       0x33 src/simply/simply_ui.c.42.o
 .ARM.attributes
                0x000000000000020d       0x33 src/simply/simply_voice.c.42.o
 .ARM.attributes
                0x0000000000000240       0x33 src/simply/simply_wakeup.c.42.o
 .ARM.attributes
                0x0000000000000273       0x33 src/simply/simply_window.c.42.o
 .ARM.attributes
                0x00000000000002a6       0x33 src/simply/simply_window_stack.c.42.o
 .ARM.attributes
                0x00000000000002d9       0x33 aplite/appinfo.auto.c.42.o
 .ARM.attributes
                0x000000000000030c       0x33 aplite/src/resource_ids.auto.c.42.o
 .ARM.attributes
                0x000000000000033f       0x21 /Users/jonathan/Library/Application Support/Pebble SDK/SDKs/current/sdk-core/pebble/aplite/lib/libpebble.a(tmp7jpKUopebble.o)
 .ARM.attributes
                0x0000000000000360       0x19 /Users/jonathan/pebble-dev/pebble-sdk-4.5-mac/arm-cs-tools/bin/../lib/gcc/arm-none-eabi/4.7.2/thumb2/libgcc.a(_aeabi_ldivmod.o)
 .ARM.attributes
                0x0000000000000379       0x29 /Users/jonathan/pebble-dev/pebble-sdk-4.5-mac/arm-cs-tools/bin/../lib/gcc/arm-none-eabi/4.7.2/thumb2/libgcc.a(bpabi.o)
 .ARM.attributes
                0x00000000000003a2       0x19 /Users/jonathan/pebble-dev/pebble-sdk-4.5-mac/arm-cs-tools/bin/../lib/gcc/arm-none-eabi/4.7.2/thumb2/libgcc.a(_dvmd_tls.o)
 .ARM.attributes
                0x00000000000003bb       0x29 /Users/jonathan/pebble-dev/pebble-sdk-4.5-mac/arm-cs-tools/bin/../lib/gcc/arm-none-eabi/4.7.2/thumb2/libgcc.a(_divdi3.o)
 .ARM.attributes
                0x00000000000003e4       0x29 /Users/jonathan/pebble-dev/pebble-sdk-4.5-mac/arm-cs-tools/bin/../lib/gcc/arm-none-eabi/4.7.2/thumb2/libgcc.a(_udivdi3.o)
 .ARM.attributes
                0x000000000000040d       0x19 /Users/jonathan/pebble-dev/pebble-sdk-4.5-mac/arm-cs-tools/bin/../lib/gcc/arm-none-eabi/4.7.2/thumb2/libgcc.a(_udivsi3.o)
 .ARM.attributes
                0x0000000000000426       0x29 /Users/jonathan/pebble-dev/pebble-sdk-4.5-mac/arm-cs-tools/bin/../lib/gcc/arm-none-eabi/4.7.2/thumb2/crtend.o
 .ARM.attributes
                0x000000000000044f       0x19 /Users/jonathan/pebble-dev/pebble-sdk-4.5-mac/arm-cs-tools/bin/../lib/gcc/arm-none-eabi/4.7.2/thumb2/crtn.o

.comment        0x0000000000000000       0x4e
 .comment       0x0000000000000000       0x4e /Users/jonathan/pebble-dev/pebble-sdk-4.5-mac/arm-cs-tools/bin/../lib/gcc/arm-none-eabi/4.7.2/thumb2/crtbegin.o
                                         0x4f (size before relaxing)
 .comment       0x0000000000000000       0x4f src/main.c.42.o
 .comment       0x0000000000000000       0x4f src/simply/simply.c.42.o
 .comment       0x0000000000000000       0x4f src/simply/simply_accel.c.42.o
 .comment       0x0000000000000000       0x4f src/simply/simply_menu.c.42.o
 .comment       0x0000000000000000       0x4f src/simply/simply_msg.c.42.o
 .comment       0x0000000000000000       0x4f src/simply/simply_res.c.42.o
 .comment       0x0000000000000000       0x4f src/simply/simply_splash.c.42.o
 .comment       0x0000000000000000       0x4f src/simply/simply_stage.c.42.o
 .comment       0x0000000000000000       0x4f src/simply/simply_ui.c.42.o
 .comment       0x0000000000000000       0x4f src/simply/simply_voice.c.42.o
 .comment       0x0000000000000000       0x4f src/simply/simply_wakeup.c.42.o
 .comment       0x0000000000000000       0x4f src/simply/simply_window.c.42.o
 .comment       0x0000000000000000       0x4f src/simply/simply_window_stack.c.42.o
 .comment       0x0000000000000000       0x4f aplite/appinfo.auto.c.42.o
 .comment       0x0000000000000000       0x4f aplite/src/resource_ids.auto.c.42.o
 .comment       0x0000000000000000       0x4f /Users/jonathan/pebble-dev/pebble-sdk-4.5-mac/arm-cs-tools/bin/../lib/gcc/arm-none-eabi/4.7.2/thumb2/libgcc.a(bpabi.o)
 .comment       0x0000000000000000       0x4f /Users/jonathan/pebble-dev/pebble-sdk-4.5-mac/arm-cs-tools/bin/../lib/gcc/arm-none-eabi/4.7.2/thumb2/libgcc.a(_divdi3.o)
 .comment       0x0000000000000000       0x4f /Users/jonathan/pebble-dev/pebble-sdk-4.5-mac/arm-cs-tools/bin/../lib/gcc/arm-none-eabi/4.7.2/thumb2/libgcc.a(_udivdi3.o)
 .comment       0x0000000000000000       0x4f /Users/jonathan/pebble-dev/pebble-sdk-4.5-mac/arm-cs-tools/bin/../lib/gcc/arm-none-eabi/4.7.2/thumb2/crtend.o

.debug_info     0x0000000000000000    0x1630c
 .debug_info    0x0000000000000000      0x256 src/main.c.42.o
 .debug_info    0x0000000000000256      0xccd src/simply/simply.c.42.o
 .debug_info    0x0000000000000f23      0xd76 src/simply/simply_accel.c.42.o
 .debug_info    0x0000000000001c99     0x41a2 src/simply/simply_menu.c.42.o
 .debug_info    0x0000000000005e3b     0x24aa src/simply/simply_msg.c.42.o
 .debug_info    0x00000000000082e5     0x13d4 src/simply/simply_res.c.42.o
 .debug_info    0x00000000000096b9      0x8b5 src/simply/simply_splash.c.42.o
 .debug_info    0x0000000000009f6e     0x466f src/simply/simply_stage.c.42.o
 .debug_info    0x000000000000e5dd     0x2706 src/simply/simply_ui.c.42.o
 .debug_info    0x0000000000010ce3       0x80 src/simply/simply_voice.c.42.o
 .debug_info    0x0000000000010d63      0xba1 src/simply/simply_wakeup.c.42.o
 .debug_info    0x0000000000011904     0x252c src/simply/simply_window.c.42.o
 .debug_info    0x0000000000013e30     0x105c src/simply/simply_window_stack.c.42.o
 .debug_info    0x0000000000014e8c      0x31a aplite/appinfo.auto.c.42.o
 .debug_info    0x00000000000151a6       0xed aplite/src/resource_ids.auto.c.42.o
 .debug_info    0x0000000000015293       0xb4 /Users/jonathan/pebble-dev/pebble-sdk-4.5-mac/arm-cs-tools/bin/../lib/gcc/arm-none-eabi/4.7.2/thumb2/libgcc.a(_aeabi_ldivmod.o)
 .debug_info    0x0000000000015347      0x174 /Users/jonathan/pebble-dev/pebble-sdk-4.5-mac/arm-cs-tools/bin/../lib/gcc/arm-none-eabi/4.7.2/thumb2/libgcc.a(bpabi.o)
 .debug_info    0x00000000000154bb       0xb8 /Users/jonathan/pebble-dev/pebble-sdk-4.5-mac/arm-cs-tools/bin/../lib/gcc/arm-none-eabi/4.7.2/thumb2/libgcc.a(_dvmd_tls.o)
 .debug_info    0x0000000000015573      0x68f /Users/jonathan/pebble-dev/pebble-sdk-4.5-mac/arm-cs-tools/bin/../lib/gcc/arm-none-eabi/4.7.2/thumb2/libgcc.a(_divdi3.o)
 .debug_info    0x0000000000015c02      0x652 /Users/jonathan/pebble-dev/pebble-sdk-4.5-mac/arm-cs-tools/bin/../lib/gcc/arm-none-eabi/4.7.2/thumb2/libgcc.a(_udivdi3.o)
 .debug_info    0x0000000000016254       0xb8 /Users/jonathan/pebble-dev/pebble-sdk-4.5-mac/arm-cs-tools/bin/../lib/gcc/arm-none-eabi/4.7.2/thumb2/libgcc.a(_udivsi3.o)

.debug_abbrev   0x0000000000000000     0x34ba
 .debug_abbrev  0x0000000000000000      0x14d src/main.c.42.o
 .debug_abbrev  0x000000000000014d      0x28b src/simply/simply.c.42.o
 .debug_abbrev  0x00000000000003d8      0x354 src/simply/simply_accel.c.42.o
 .debug_abbrev  0x000000000000072c      0x5e0 src/simply/simply_menu.c.42.o
 .debug_abbrev  0x0000000000000d0c      0x58d src/simply/simply_msg.c.42.o
 .debug_abbrev  0x0000000000001299      0x449 src/simply/simply_res.c.42.o
 .debug_abbrev  0x00000000000016e2      0x2b4 src/simply/simply_splash.c.42.o
 .debug_abbrev  0x0000000000001996      0x5a9 src/simply/simply_stage.c.42.o
 .debug_abbrev  0x0000000000001f3f      0x523 src/simply/simply_ui.c.42.o
 .debug_abbrev  0x0000000000002462       0x26 src/simply/simply_voice.c.42.o
 .debug_abbrev  0x0000000000002488      0x30b src/simply/simply_wakeup.c.42.o
 .debug_abbrev  0x0000000000002793      0x4d4 src/simply/simply_window.c.42.o
 .debug_abbrev  0x0000000000002c67      0x3e2 src/simply/simply_window_stack.c.42.o
 .debug_abbrev  0x0000000000003049       0x9e aplite/appinfo.auto.c.42.o
 .debug_abbrev  0x00000000000030e7       0x44 aplite/src/resource_ids.auto.c.42.o
 .debug_abbrev  0x000000000000312b       0x14 /Users/jonathan/pebble-dev/pebble-sdk-4.5-mac/arm-cs-tools/bin/../lib/gcc/arm-none-eabi/4.7.2/thumb2/libgcc.a(_aeabi_ldivmod.o)
 .debug_abbrev  0x000000000000313f       0xb7 /Users/jonathan/pebble-dev/pebble-sdk-4.5-mac/arm-cs-tools/bin/../lib/gcc/arm-none-eabi/4.7.2/thumb2/libgcc.a(bpabi.o)
 .debug_abbrev  0x00000000000031f6       0x14 /Users/jonathan/pebble-dev/pebble-sdk-4.5-mac/arm-cs-tools/bin/../lib/gcc/arm-none-eabi/4.7.2/thumb2/libgcc.a(_dvmd_tls.o)
 .debug_abbrev  0x000000000000320a      0x151 /Users/jonathan/pebble-dev/pebble-sdk-4.5-mac/arm-cs-tools/bin/../lib/gcc/arm-none-eabi/4.7.2/thumb2/libgcc.a(_divdi3.o)
 .debug_abbrev  0x000000000000335b      0x14b /Users/jonathan/pebble-dev/pebble-sdk-4.5-mac/arm-cs-tools/bin/../lib/gcc/arm-none-eabi/4.7.2/thumb2/libgcc.a(_udivdi3.o)
 .debug_abbrev  0x00000000000034a6       0x14 /Users/jonathan/pebble-dev/pebble-sdk-4.5-mac/arm-cs-tools/bin/../lib/gcc/arm-none-eabi/4.7.2/thumb2/libgcc.a(_udivsi3.o)

.debug_loc      0x0000000000000000     0x9d94
 .debug_loc     0x0000000000000000       0x3e src/main.c.42.o
 .debug_loc     0x000000000000003e       0x7c src/simply/simply.c.42.o
 .debug_loc     0x00000000000000ba      0x4dc src/simply/simply_accel.c.42.o
 .debug_loc     0x0000000000000596     0x1dc1 src/simply/simply_menu.c.42.o
 .debug_loc     0x0000000000002357      0xbc5 src/simply/simply_msg.c.42.o
 .debug_loc     0x0000000000002f1c      0xccb src/simply/simply_res.c.42.o
 .debug_loc     0x0000000000003be7      0x1ec src/simply/simply_splash.c.42.o
 .debug_loc     0x0000000000003dd3     0x1796 src/simply/simply_stage.c.42.o
 .debug_loc     0x0000000000005569     0x115a src/simply/simply_ui.c.42.o
 .debug_loc     0x00000000000066c3      0x340 src/simply/simply_wakeup.c.42.o
 .debug_loc     0x0000000000006a03      0xde4 src/simply/simply_window.c.42.o
 .debug_loc     0x00000000000077e7      0x6aa src/simply/simply_window_stack.c.42.o
 .debug_loc     0x0000000000007e91       0xe0 /Users/jonathan/pebble-dev/pebble-sdk-4.5-mac/arm-cs-tools/bin/../lib/gcc/arm-none-eabi/4.7.2/thumb2/libgcc.a(bpabi.o)
 .debug_loc     0x0000000000007f71      0xebd /Users/jonathan/pebble-dev/pebble-sdk-4.5-mac/arm-cs-tools/bin/../lib/gcc/arm-none-eabi/4.7.2/thumb2/libgcc.a(_divdi3.o)
 .debug_loc     0x0000000000008e2e      0xf66 /Users/jonathan/pebble-dev/pebble-sdk-4.5-mac/arm-cs-tools/bin/../lib/gcc/arm-none-eabi/4.7.2/thumb2/libgcc.a(_udivdi3.o)

.debug_aranges  0x0000000000000000      0x738
 .debug_aranges
                0x0000000000000000       0x20 src/main.c.42.o
 .debug_aranges
                0x0000000000000020       0x28 src/simply/simply.c.42.o
 .debug_aranges
                0x0000000000000048       0x50 src/simply/simply_accel.c.42.o
 .debug_aranges
                0x0000000000000098      0x130 src/simply/simply_menu.c.42.o
 .debug_aranges
                0x00000000000001c8       0x88 src/simply/simply_msg.c.42.o
 .debug_aranges
                0x0000000000000250       0xb0 src/simply/simply_res.c.42.o
 .debug_aranges
                0x0000000000000300       0x40 src/simply/simply_splash.c.42.o
 .debug_aranges
                0x0000000000000340       0xe0 src/simply/simply_stage.c.42.o
 .debug_aranges
                0x0000000000000420       0x98 src/simply/simply_ui.c.42.o
 .debug_aranges
                0x00000000000004b8       0x18 src/simply/simply_voice.c.42.o
 .debug_aranges
                0x00000000000004d0       0x38 src/simply/simply_wakeup.c.42.o
 .debug_aranges
                0x0000000000000508       0xd0 src/simply/simply_window.c.42.o
 .debug_aranges
                0x00000000000005d8       0x70 src/simply/simply_window_stack.c.42.o
 .debug_aranges
                0x0000000000000648       0x18 aplite/appinfo.auto.c.42.o
 .debug_aranges
                0x0000000000000660       0x18 aplite/src/resource_ids.auto.c.42.o
 .debug_aranges
                0x0000000000000678       0x20 /Users/jonathan/pebble-dev/pebble-sdk-4.5-mac/arm-cs-tools/bin/../lib/gcc/arm-none-eabi/4.7.2/thumb2/libgcc.a(_aeabi_ldivmod.o)
 .debug_aranges
                0x0000000000000698       0x20 /Users/jonathan/pebble-dev/pebble-sdk-4.5-mac/arm-cs-tools/bin/../lib/gcc/arm-none-eabi/4.7.2/thumb2/libgcc.a(bpabi.o)
 .debug_aranges
                0x00000000000006b8       0x20 /Users/jonathan/pebble-dev/pebble-sdk-4.5-mac/arm-cs-tools/bin/../lib/gcc/arm-none-eabi/4.7.2/thumb2/libgcc.a(_dvmd_tls.o)
 .debug_aranges
                0x00000000000006d8       0x20 /Users/jonathan/pebble-dev/pebble-sdk-4.5-mac/arm-cs-tools/bin/../lib/gcc/arm-none-eabi/4.7.2/thumb2/libgcc.a(_divdi3.o)
 .debug_aranges
                0x00000000000006f8       0x20 /Users/jonathan/pebble-dev/pebble-sdk-4.5-mac/arm-cs-tools/bin/../lib/gcc/arm-none-eabi/4.7.2/thumb2/libgcc.a(_udivdi3.o)
 .debug_aranges
                0x0000000000000718       0x20 /Users/jonathan/pebble-dev/pebble-sdk-4.5-mac/arm-cs-tools/bin/../lib/gcc/arm-none-eabi/4.7.2/thumb2/libgcc.a(_udivsi3.o)

.debug_ranges   0x0000000000000000     0x12f8
 .debug_ranges  0x0000000000000000       0x10 src/main.c.42.o
 .debug_ranges  0x0000000000000010       0x18 src/simply/simply.c.42.o
 .debug_ranges  0x0000000000000028       0x88 src/simply/simply_accel.c.42.o
 .debug_ranges  0x00000000000000b0      0x360 src/simply/simply_menu.c.42.o
 .debug_ranges  0x0000000000000410      0x350 src/simply/simply_msg.c.42.o
 .debug_ranges  0x0000000000000760       0xe8 src/simply/simply_res.c.42.o
 .debug_ranges  0x0000000000000848       0x30 src/simply/simply_splash.c.42.o
 .debug_ranges  0x0000000000000878      0x450 src/simply/simply_stage.c.42.o
 .debug_ranges  0x0000000000000cc8      0x210 src/simply/simply_ui.c.42.o
 .debug_ranges  0x0000000000000ed8       0x58 src/simply/simply_wakeup.c.42.o
 .debug_ranges  0x0000000000000f30      0x108 src/simply/simply_window.c.42.o
 .debug_ranges  0x0000000000001038       0xc0 src/simply/simply_window_stack.c.42.o
 .debug_ranges  0x00000000000010f8      0x108 /Users/jonathan/pebble-dev/pebble-sdk-4.5-mac/arm-cs-tools/bin/../lib/gcc/arm-none-eabi/4.7.2/thumb2/libgcc.a(_divdi3.o)
 .debug_ranges  0x0000000000001200       0xf8 /Users/jonathan/pebble-dev/pebble-sdk-4.5-mac/arm-cs-tools/bin/../lib/gcc/arm-none-eabi/4.7.2/thumb2/libgcc.a(_udivdi3.o)

.debug_line     0x0000000000000000     0x3ca7
 .debug_line    0x0000000000000000       0xca src/main.c.42.o
 .debug_line    0x00000000000000ca      0x2fb src/simply/simply.c.42.o
 .debug_line    0x00000000000003c5      0x2f6 src/simply/simply_accel.c.42.o
 .debug_line    0x00000000000006bb      0x945 src/simply/simply_menu.c.42.o
 .debug_line    0x0000000000001000      0x544 src/simply/simply_msg.c.42.o
 .debug_line    0x0000000000001544      0x4cb src/simply/simply_res.c.42.o
 .debug_line    0x0000000000001a0f      0x247 src/simply/simply_splash.c.42.o
 .debug_line    0x0000000000001c56      0x7f3 src/simply/simply_stage.c.42.o
 .debug_line    0x0000000000002449      0x5f8 src/simply/simply_ui.c.42.o
 .debug_line    0x0000000000002a41       0x1d src/simply/simply_voice.c.42.o
 .debug_line    0x0000000000002a5e      0x33a src/simply/simply_wakeup.c.42.o
 .debug_line    0x0000000000002d98      0x5c9 src/simply/simply_window.c.42.o
 .debug_line    0x0000000000003361      0x397 src/simply/simply_window_stack.c.42.o
 .debug_line    0x00000000000036f8      0x13e aplite/appinfo.auto.c.42.o
 .debug_line    0x0000000000003836       0xcb aplite/src/resource_ids.auto.c.42.o
 .debug_line    0x0000000000003901       0x71 /Users/jonathan/pebble-dev/pebble-sdk-4.5-mac/arm-cs-tools/bin/../lib/gcc/arm-none-eabi/4.7.2/thumb2/libgcc.a(_aeabi_ldivmod.o)
 .debug_line    0x0000000000003972       0x71 /Users/jonathan/pebble-dev/pebble-sdk-4.5-mac/arm-cs-tools/bin/../lib/gcc/arm-none-eabi/4.7.2/thumb2/libgcc.a(bpabi.o)
 .debug_line    0x00000000000039e3       0x6d /Users/jonathan/pebble-dev/pebble-sdk-4.5-mac/arm-cs-tools/bin/../lib/gcc/arm-none-eabi/4.7.2/thumb2/libgcc.a(_dvmd_tls.o)
 .debug_line    0x0000000000003a50       0xef /Users/jonathan/pebble-dev/pebble-sdk-4.5-mac/arm-cs-tools/bin/../lib/gcc/arm-none-eabi/4.7.2/thumb2/libgcc.a(_divdi3.o)